W20260831 09:06:17.688695 129055391580672 simple_timer.cpp:55] [rocprofv3] tool initialization ::     0.157319 sec
W20260831 09:06:17.688824 129055391580672 simple_timer.cpp:55] [rocprofv3] 'python profile_matched_attention.py --case mla-prefill --expected-arch gfx950 --environment physical --warmup 0 --repeats 1' ::     0.000000 sec
W20260831 09:06:18.719658 129055391580672 tool.cpp:2422] HSA version 8.20.4 initialized (instance=0)
W20260831 09:06:19.112959 132511479157248 simple_timer.cpp:55] [rocprofv3] tool initialization ::     0.162861 sec
W20260831 09:06:19.113101 132511479157248 simple_timer.cpp:55] [rocprofv3] '/bin/sh /sbin/ldconfig -p' ::     0.000015 sec
{
  "arch": "gfx950",
  "cases": {
    "mla-prefill": {
      "details": {},
      "latency_us": 523.2729911804199,
      "spec": {
        "dtypes": "FP8 Q/K/V",
        "layout": "packed varlen, causal",
        "long_running": false,
        "model": "Kimi-K3",
        "phase": "prefill",
        "shape": "B1, prefix=0, extend=4096, heads=12, QK=192, V=128"
      }
    }
  },
  "device": "AMD Radeon Graphics",
  "environment": "physical",
  "repeats": 1,
  "rocm": "7.2.26015",
  "schema_version": 1,
  "torch": "2.11.0+rocm7.2",
  "warmup": 0
}
W20260831 09:06:20.974217 129055391580672 simple_timer.cpp:55] [rocprofv3] 'python profile_matched_attention.py --case mla-prefill --expected-arch gfx950 --environment physical --warmup 0 --repeats 1' ::     3.285394 sec
E20260831 09:06:20.981236 129055391580672 output_stream.cpp:111] Opened result file: profiles/mla-prefill/counter-MfmaUtil/81b771ff473d/7105_kernel_trace.csv
E20260831 09:06:20.986405 129055391580672 output_stream.cpp:111] Opened result file: profiles/mla-prefill/counter-MfmaUtil/81b771ff473d/7105_counter_collection.csv
E20260831 09:06:20.988425 129055391580672 output_stream.cpp:111] Opened result file: profiles/mla-prefill/counter-MfmaUtil/81b771ff473d/7105_agent_info.csv
W20260831 09:06:20.991477 129055391580672 simple_timer.cpp:55] [rocprofv3] output generation ::     0.014450 sec
W20260831 09:06:20.991666 129055391580672 simple_timer.cpp:55] [rocprofv3] tool finalization ::     0.014666 sec
