W20260820 15:00:06.031791 135047735939584 simple_timer.cpp:55] [rocprofv3] tool initialization ::     0.000604 sec
W20260820 15:00:06.031995 135047735939584 simple_timer.cpp:55] [rocprofv3] 'python /tmp/profile_matched_attention.py --case kda-prefill --expected-arch gfx950 --environment physical --warmup 0 --repeats 1' ::     0.000000 sec
W20260820 15:00:06.991163 135047735939584 tool.cpp:2422] HSA version 8.20.4 initialized (instance=0)
W20260820 15:00:07.181668 135344137859584 simple_timer.cpp:55] [rocprofv3] tool initialization ::     0.000687 sec
W20260820 15:00:07.181748 135344137859584 simple_timer.cpp:55] [rocprofv3] '/bin/sh /sbin/ldconfig -p' ::     0.000000 sec
{
  "arch": "gfx950",
  "cases": {
    "kda-prefill": {
      "details": {},
      "latency_us": 528.4029841423035,
      "spec": {
        "dtypes": "BF16 Q/K/V/gates, FP32 parameters and recurrent state",
        "layout": "packed sequence, 64-token implementation chunks",
        "long_running": false,
        "model": "Kimi-K3",
        "phase": "prefill",
        "shape": "B1, prefix=0, extend=4096, heads=12, K/V=128"
      }
    }
  },
  "device": "AMD Radeon Graphics",
  "environment": "physical",
  "repeats": 1,
  "rocm": "7.2.26015",
  "schema_version": 1,
  "torch": "2.11.0+rocm7.2",
  "warmup": 0
}
W20260820 15:00:08.879507 135047735939584 simple_timer.cpp:55] [rocprofv3] 'python /tmp/profile_matched_attention.py --case kda-prefill --expected-arch gfx950 --environment physical --warmup 0 --repeats 1' ::     2.847512 sec
E20260820 15:00:08.890805 135047735939584 output_stream.cpp:111] Opened result file: /tmp/matched-attention-gfx950-70f69266/profiles/kda-prefill/trace/smci355-ccs-aus-n15-05/53947_kernel_trace.csv
E20260820 15:00:08.892719 135047735939584 output_stream.cpp:111] Opened result file: /tmp/matched-attention-gfx950-70f69266/profiles/kda-prefill/trace/smci355-ccs-aus-n15-05/53947_agent_info.csv
W20260820 15:00:08.894119 135047735939584 simple_timer.cpp:55] [rocprofv3] output generation ::     0.007550 sec
W20260820 15:00:08.895273 135047735939584 simple_timer.cpp:55] [rocprofv3] tool finalization ::     0.008736 sec
