W20260831 09:07:19.765628 135745384182272 simple_timer.cpp:55] [rocprofv3] tool initialization ::     0.160695 sec
W20260831 09:07:19.765766 135745384182272 simple_timer.cpp:55] [rocprofv3] 'python profile_matched_attention.py --case kda-prefill --expected-arch gfx950 --environment physical --warmup 0 --repeats 1' ::     0.000000 sec
W20260831 09:07:20.778103 135745384182272 tool.cpp:2422] HSA version 8.20.4 initialized (instance=0)
W20260831 09:07:21.165036 123841356415488 simple_timer.cpp:55] [rocprofv3] tool initialization ::     0.159355 sec
W20260831 09:07:21.165173 123841356415488 simple_timer.cpp:55] [rocprofv3] '/bin/sh /sbin/ldconfig -p' ::     0.000000 sec
{
  "arch": "gfx950",
  "cases": {
    "kda-prefill": {
      "details": {
        "cu_seqlens_cpu": "host int64 boundary hint"
      },
      "latency_us": 807.1249723434448,
      "spec": {
        "dtypes": "BF16 Q/K/V/gates, FP32 parameters and recurrent state",
        "layout": "packed sequence, 64-token implementation chunks",
        "long_running": false,
        "model": "Kimi-K3",
        "phase": "prefill",
        "shape": "B1, prefix=0, extend=4096, heads=12, K/V=128"
      }
    }
  },
  "device": "AMD Radeon Graphics",
  "environment": "physical",
  "repeats": 1,
  "rocm": "7.2.26015",
  "schema_version": 1,
  "torch": "2.11.0+rocm7.2",
  "warmup": 0
}
W20260831 09:07:22.966399 135745384182272 simple_timer.cpp:55] [rocprofv3] 'python profile_matched_attention.py --case kda-prefill --expected-arch gfx950 --environment physical --warmup 0 --repeats 1' ::     3.200632 sec
E20260831 09:07:22.978699 135745384182272 output_stream.cpp:111] Opened result file: profiles/kda-prefill/counter-LDSBankConflict/81b771ff473d/8422_kernel_trace.csv
E20260831 09:07:22.984052 135745384182272 output_stream.cpp:111] Opened result file: profiles/kda-prefill/counter-LDSBankConflict/81b771ff473d/8422_counter_collection.csv
E20260831 09:07:22.986081 135745384182272 output_stream.cpp:111] Opened result file: profiles/kda-prefill/counter-LDSBankConflict/81b771ff473d/8422_agent_info.csv
W20260831 09:07:22.989007 135745384182272 simple_timer.cpp:55] [rocprofv3] output generation ::     0.014838 sec
W20260831 09:07:22.990425 135745384182272 simple_timer.cpp:55] [rocprofv3] tool finalization ::     0.016294 sec
