W20260820 14:58:59.770328 132383253398016 simple_timer.cpp:55] [rocprofv3] tool initialization ::     0.156867 sec
W20260820 14:58:59.770460 132383253398016 simple_timer.cpp:55] [rocprofv3] 'python /tmp/profile_matched_attention.py --case mla-decode --expected-arch gfx950 --environment physical --warmup 0 --repeats 1' ::     0.000000 sec
W20260820 14:59:00.728433 132383253398016 tool.cpp:2422] HSA version 8.20.4 initialized (instance=0)
W20260820 14:59:01.078551 125586651660800 simple_timer.cpp:55] [rocprofv3] tool initialization ::     0.160509 sec
W20260820 14:59:01.078662 125586651660800 simple_timer.cpp:55] [rocprofv3] '/bin/sh /sbin/ldconfig -p' ::     0.000000 sec
{
  "arch": "gfx950",
  "cases": {
    "mla-decode": {
      "details": {
        "gate": "sigmoid",
        "max_seqlen_k": 4096,
        "projected_value": true
      },
      "latency_us": 407.16299414634705,
      "spec": {
        "dtypes": "FP8 absorbed Q/KV; BF16 value projection, gate, and output",
        "layout": "dense paged KV, page_size=64, projected-value/gate epilogue",
        "long_running": false,
        "model": "Kimi-K3",
        "phase": "decode",
        "shape": "B1, context=4096, q_len=1, heads=12, rank=512, rope=64"
      }
    }
  },
  "device": "AMD Radeon Graphics",
  "environment": "physical",
  "repeats": 1,
  "rocm": "7.2.26015",
  "schema_version": 1,
  "torch": "2.11.0+rocm7.2",
  "warmup": 0
}
W20260820 14:59:02.639329 132383253398016 simple_timer.cpp:55] [rocprofv3] 'python /tmp/profile_matched_attention.py --case mla-decode --expected-arch gfx950 --environment physical --warmup 0 --repeats 1' ::     2.868870 sec
E20260820 14:59:02.645690 132383253398016 output_stream.cpp:111] Opened result file: /tmp/matched-attention-gfx950-70f69266/profiles/mla-decode/counter-MfmaUtil/smci355-ccs-aus-n15-05/52403_kernel_trace.csv
E20260820 14:59:02.650036 132383253398016 output_stream.cpp:111] Opened result file: /tmp/matched-attention-gfx950-70f69266/profiles/mla-decode/counter-MfmaUtil/smci355-ccs-aus-n15-05/52403_counter_collection.csv
E20260820 14:59:02.651644 132383253398016 output_stream.cpp:111] Opened result file: /tmp/matched-attention-gfx950-70f69266/profiles/mla-decode/counter-MfmaUtil/smci355-ccs-aus-n15-05/52403_agent_info.csv
W20260820 14:59:02.654007 132383253398016 simple_timer.cpp:55] [rocprofv3] output generation ::     0.011677 sec
W20260820 14:59:02.654205 132383253398016 simple_timer.cpp:55] [rocprofv3] tool finalization ::     0.011913 sec
