W20260831 09:07:15.929870 128222158328320 simple_timer.cpp:55] [rocprofv3] tool initialization ::     0.160638 sec
W20260831 09:07:15.929995 128222158328320 simple_timer.cpp:55] [rocprofv3] 'python profile_matched_attention.py --case kda-prefill --expected-arch gfx950 --environment physical --warmup 0 --repeats 1' ::     0.000000 sec
W20260831 09:07:16.949988 128222158328320 tool.cpp:2422] HSA version 8.20.4 initialized (instance=0)
W20260831 09:07:17.338658 126673530638848 simple_timer.cpp:55] [rocprofv3] tool initialization ::     0.161177 sec
W20260831 09:07:17.338764 126673530638848 simple_timer.cpp:55] [rocprofv3] '/bin/sh /sbin/ldconfig -p' ::     0.000000 sec
{
  "arch": "gfx950",
  "cases": {
    "kda-prefill": {
      "details": {
        "cu_seqlens_cpu": "host int64 boundary hint"
      },
      "latency_us": 772.005021572113,
      "spec": {
        "dtypes": "BF16 Q/K/V/gates, FP32 parameters and recurrent state",
        "layout": "packed sequence, 64-token implementation chunks",
        "long_running": false,
        "model": "Kimi-K3",
        "phase": "prefill",
        "shape": "B1, prefix=0, extend=4096, heads=12, K/V=128"
      }
    }
  },
  "device": "AMD Radeon Graphics",
  "environment": "physical",
  "repeats": 1,
  "rocm": "7.2.26015",
  "schema_version": 1,
  "torch": "2.11.0+rocm7.2",
  "warmup": 0
}
W20260831 09:07:19.109452 128222158328320 simple_timer.cpp:55] [rocprofv3] 'python profile_matched_attention.py --case kda-prefill --expected-arch gfx950 --environment physical --warmup 0 --repeats 1' ::     3.179458 sec
E20260831 09:07:19.121534 128222158328320 output_stream.cpp:111] Opened result file: profiles/kda-prefill/counter-MfmaUtil/81b771ff473d/8345_kernel_trace.csv
E20260831 09:07:19.126691 128222158328320 output_stream.cpp:111] Opened result file: profiles/kda-prefill/counter-MfmaUtil/81b771ff473d/8345_counter_collection.csv
E20260831 09:07:19.128629 128222158328320 output_stream.cpp:111] Opened result file: profiles/kda-prefill/counter-MfmaUtil/81b771ff473d/8345_agent_info.csv
W20260831 09:07:19.131297 128222158328320 simple_timer.cpp:55] [rocprofv3] output generation ::     0.014247 sec
W20260831 09:07:19.132598 128222158328320 simple_timer.cpp:55] [rocprofv3] tool finalization ::     0.015586 sec
