W20260831 09:07:34.307443 127142327620096 simple_timer.cpp:55] [rocprofv3] tool initialization ::     0.161659 sec
W20260831 09:07:34.307586 127142327620096 simple_timer.cpp:55] [rocprofv3] 'python profile_matched_attention.py --case dsa-decode-pipeline --expected-arch gfx950 --environment physical --warmup 0 --repeats 1' ::     0.000000 sec
W20260831 09:07:35.340542 127142327620096 tool.cpp:2422] HSA version 8.20.4 initialized (instance=0)
W20260831 09:07:35.712785 140094634205696 simple_timer.cpp:55] [rocprofv3] tool initialization ::     0.158519 sec
W20260831 09:07:35.712908 140094634205696 simple_timer.cpp:55] [rocprofv3] '/bin/sh /sbin/ldconfig -p' ::     0.000000 sec
{
  "arch": "gfx950",
  "cases": {
    "dsa-decode-pipeline": {
      "details": {
        "selection": "live output of dsa_decode_topk"
      },
      "latency_us": 975.0059843063354,
      "spec": {
        "dtypes": "BF16 index Q, packed FP8 index-K, FP8 attention Q/KV",
        "layout": "production dense-KV selected-attention path",
        "long_running": false,
        "model": "GLM-5.2",
        "phase": "decode top-k plus selected attention",
        "shape": "B1, context=4096, q_len=1, index_heads=32, index_dim=128, attention_heads=8, topk=2048, rank=512, rope=64"
      }
    }
  },
  "device": "AMD Radeon Graphics",
  "environment": "physical",
  "repeats": 1,
  "rocm": "7.2.26015",
  "schema_version": 1,
  "torch": "2.11.0+rocm7.2",
  "warmup": 0
}
W20260831 09:07:37.347866 127142327620096 simple_timer.cpp:55] [rocprofv3] 'python profile_matched_attention.py --case dsa-decode-pipeline --expected-arch gfx950 --environment physical --warmup 0 --repeats 1' ::     3.040279 sec
E20260831 09:07:37.356832 127142327620096 output_stream.cpp:111] Opened result file: profiles/dsa-decode-pipeline/counter-FetchSize/81b771ff473d/8732_kernel_trace.csv
E20260831 09:07:37.362225 127142327620096 output_stream.cpp:111] Opened result file: profiles/dsa-decode-pipeline/counter-FetchSize/81b771ff473d/8732_counter_collection.csv
E20260831 09:07:37.364161 127142327620096 output_stream.cpp:111] Opened result file: profiles/dsa-decode-pipeline/counter-FetchSize/81b771ff473d/8732_agent_info.csv
W20260831 09:07:37.366899 127142327620096 simple_timer.cpp:55] [rocprofv3] output generation ::     0.014509 sec
W20260831 09:07:37.367507 127142327620096 simple_timer.cpp:55] [rocprofv3] tool finalization ::     0.015150 sec
