W20260831 09:08:11.497048 127635208794624 simple_timer.cpp:55] [rocprofv3] tool initialization ::     0.158121 sec
W20260831 09:08:11.497200 127635208794624 simple_timer.cpp:55] [rocprofv3] 'python profile_matched_attention.py --case dsa-prefill-pipeline-4k --expected-arch gfx950 --environment physical --warmup 0 --repeats 1' ::     0.000000 sec
W20260831 09:08:12.512301 127635208794624 tool.cpp:2422] HSA version 8.20.4 initialized (instance=0)
W20260831 09:08:12.888054 133397213794816 simple_timer.cpp:55] [rocprofv3] tool initialization ::     0.160267 sec
W20260831 09:08:12.888196 133397213794816 simple_timer.cpp:55] [rocprofv3] '/bin/sh /sbin/ldconfig -p' ::     0.000000 sec
{
  "arch": "gfx950",
  "cases": {
    "dsa-prefill-pipeline-4k": {
      "details": {
        "selection": "live output of dsa_prefill_topk"
      },
      "latency_us": 2548.9749908447266,
      "spec": {
        "dtypes": "BF16 index Q, packed FP8 index-K, FP8 attention Q/KV",
        "layout": "production dense-KV selected-attention path",
        "long_running": true,
        "model": "GLM-5.2",
        "phase": "pure prefill top-k plus selected attention",
        "shape": "B1, prefix=0, extend=4096, index_heads=32, index_dim=128, attention_heads=8, causal topk<=2048, rank=512, rope=64"
      }
    }
  },
  "device": "AMD Radeon Graphics",
  "environment": "physical",
  "repeats": 1,
  "rocm": "7.2.26015",
  "schema_version": 1,
  "torch": "2.11.0+rocm7.2",
  "warmup": 0
}
W20260831 09:08:14.525679 127635208794624 simple_timer.cpp:55] [rocprofv3] 'python profile_matched_attention.py --case dsa-prefill-pipeline-4k --expected-arch gfx950 --environment physical --warmup 0 --repeats 1' ::     3.028479 sec
E20260831 09:08:14.533920 127635208794624 output_stream.cpp:111] Opened result file: profiles/dsa-prefill-pipeline-4k/counter-MeanOccupancyPerActiveCU/81b771ff473d/9522_kernel_trace.csv
E20260831 09:08:14.539561 127635208794624 output_stream.cpp:111] Opened result file: profiles/dsa-prefill-pipeline-4k/counter-MeanOccupancyPerActiveCU/81b771ff473d/9522_counter_collection.csv
E20260831 09:08:14.541577 127635208794624 output_stream.cpp:111] Opened result file: profiles/dsa-prefill-pipeline-4k/counter-MeanOccupancyPerActiveCU/81b771ff473d/9522_agent_info.csv
W20260831 09:08:14.544254 127635208794624 simple_timer.cpp:55] [rocprofv3] output generation ::     0.014296 sec
W20260831 09:08:14.544918 127635208794624 simple_timer.cpp:55] [rocprofv3] tool finalization ::     0.014989 sec
