W20260820 14:59:29.914044 137486985773568 simple_timer.cpp:55] [rocprofv3] tool initialization ::     0.159435 sec
W20260820 14:59:29.914209 137486985773568 simple_timer.cpp:55] [rocprofv3] 'python /tmp/profile_matched_attention.py --case mla-prefill --expected-arch gfx950 --environment physical --warmup 0 --repeats 1' ::     0.000000 sec
W20260820 14:59:30.875661 137486985773568 tool.cpp:2422] HSA version 8.20.4 initialized (instance=0)
W20260820 14:59:31.225945 138017282433536 simple_timer.cpp:55] [rocprofv3] tool initialization ::     0.158971 sec
W20260820 14:59:31.226055 138017282433536 simple_timer.cpp:55] [rocprofv3] '/bin/sh /sbin/ldconfig -p' ::     0.000000 sec
{
  "arch": "gfx950",
  "cases": {
    "mla-prefill": {
      "details": {},
      "latency_us": 471.8239903450012,
      "spec": {
        "dtypes": "FP8 Q/K/V",
        "layout": "packed varlen, causal",
        "long_running": false,
        "model": "Kimi-K3",
        "phase": "prefill",
        "shape": "B1, prefix=0, extend=4096, heads=12, QK=192, V=128"
      }
    }
  },
  "device": "AMD Radeon Graphics",
  "environment": "physical",
  "repeats": 1,
  "rocm": "7.2.26015",
  "schema_version": 1,
  "torch": "2.11.0+rocm7.2",
  "warmup": 0
}
W20260820 14:59:32.757678 137486985773568 simple_timer.cpp:55] [rocprofv3] 'python /tmp/profile_matched_attention.py --case mla-prefill --expected-arch gfx950 --environment physical --warmup 0 --repeats 1' ::     2.843469 sec
E20260820 14:59:32.764700 137486985773568 output_stream.cpp:111] Opened result file: /tmp/matched-attention-gfx950-70f69266/profiles/mla-prefill/counter-LDSBankConflict/smci355-ccs-aus-n15-05/53105_kernel_trace.csv
E20260820 14:59:32.769675 137486985773568 output_stream.cpp:111] Opened result file: /tmp/matched-attention-gfx950-70f69266/profiles/mla-prefill/counter-LDSBankConflict/smci355-ccs-aus-n15-05/53105_counter_collection.csv
E20260820 14:59:32.771644 137486985773568 output_stream.cpp:111] Opened result file: /tmp/matched-attention-gfx950-70f69266/profiles/mla-prefill/counter-LDSBankConflict/smci355-ccs-aus-n15-05/53105_agent_info.csv
W20260820 14:59:32.774369 137486985773568 simple_timer.cpp:55] [rocprofv3] output generation ::     0.013650 sec
W20260820 14:59:32.774510 137486985773568 simple_timer.cpp:55] [rocprofv3] tool finalization ::     0.013825 sec
