W20260831 09:07:23.636419 131323640586752 simple_timer.cpp:55] [rocprofv3] tool initialization ::     0.160113 sec
W20260831 09:07:23.636561 131323640586752 simple_timer.cpp:55] [rocprofv3] 'python profile_matched_attention.py --case kda-prefill --expected-arch gfx950 --environment physical --warmup 0 --repeats 1' ::     0.000000 sec
W20260831 09:07:24.669678 131323640586752 tool.cpp:2422] HSA version 8.20.4 initialized (instance=0)
W20260831 09:07:25.044318 138121108918784 simple_timer.cpp:55] [rocprofv3] tool initialization ::     0.160284 sec
W20260831 09:07:25.044445 138121108918784 simple_timer.cpp:55] [rocprofv3] '/bin/sh /sbin/ldconfig -p' ::     0.000000 sec
{
  "arch": "gfx950",
  "cases": {
    "kda-prefill": {
      "details": {
        "cu_seqlens_cpu": "host int64 boundary hint"
      },
      "latency_us": 872.2050189971924,
      "spec": {
        "dtypes": "BF16 Q/K/V/gates, FP32 parameters and recurrent state",
        "layout": "packed sequence, 64-token implementation chunks",
        "long_running": false,
        "model": "Kimi-K3",
        "phase": "prefill",
        "shape": "B1, prefix=0, extend=4096, heads=12, K/V=128"
      }
    }
  },
  "device": "AMD Radeon Graphics",
  "environment": "physical",
  "repeats": 1,
  "rocm": "7.2.26015",
  "schema_version": 1,
  "torch": "2.11.0+rocm7.2",
  "warmup": 0
}
W20260831 09:07:26.811021 131323640586752 simple_timer.cpp:55] [rocprofv3] 'python profile_matched_attention.py --case kda-prefill --expected-arch gfx950 --environment physical --warmup 0 --repeats 1' ::     3.174461 sec
E20260831 09:07:26.822581 131323640586752 output_stream.cpp:111] Opened result file: profiles/kda-prefill/counter-LdsLatency/81b771ff473d/8499_kernel_trace.csv
E20260831 09:07:26.827723 131323640586752 output_stream.cpp:111] Opened result file: profiles/kda-prefill/counter-LdsLatency/81b771ff473d/8499_counter_collection.csv
E20260831 09:07:26.829732 131323640586752 output_stream.cpp:111] Opened result file: profiles/kda-prefill/counter-LdsLatency/81b771ff473d/8499_agent_info.csv
W20260831 09:07:26.832511 131323640586752 simple_timer.cpp:55] [rocprofv3] output generation ::     0.014026 sec
W20260831 09:07:26.833837 131323640586752 simple_timer.cpp:55] [rocprofv3] tool finalization ::     0.015382 sec
