W20260820 14:59:22.867985 138842219835904 simple_timer.cpp:55] [rocprofv3] tool initialization ::     0.159785 sec
W20260820 14:59:22.868137 138842219835904 simple_timer.cpp:55] [rocprofv3] 'python /tmp/profile_matched_attention.py --case mla-prefill --expected-arch gfx950 --environment physical --warmup 0 --repeats 1' ::     0.000000 sec
W20260820 14:59:23.821093 138842219835904 tool.cpp:2422] HSA version 8.20.4 initialized (instance=0)
W20260820 14:59:24.176268 123700510528000 simple_timer.cpp:55] [rocprofv3] tool initialization ::     0.160492 sec
W20260820 14:59:24.176361 123700510528000 simple_timer.cpp:55] [rocprofv3] '/bin/sh /sbin/ldconfig -p' ::     0.000000 sec
{
  "arch": "gfx950",
  "cases": {
    "mla-prefill": {
      "details": {},
      "latency_us": 568.5240030288696,
      "spec": {
        "dtypes": "FP8 Q/K/V",
        "layout": "packed varlen, causal",
        "long_running": false,
        "model": "Kimi-K3",
        "phase": "prefill",
        "shape": "B1, prefix=0, extend=4096, heads=12, QK=192, V=128"
      }
    }
  },
  "device": "AMD Radeon Graphics",
  "environment": "physical",
  "repeats": 1,
  "rocm": "7.2.26015",
  "schema_version": 1,
  "torch": "2.11.0+rocm7.2",
  "warmup": 0
}
W20260820 14:59:25.914171 138842219835904 simple_timer.cpp:55] [rocprofv3] 'python /tmp/profile_matched_attention.py --case mla-prefill --expected-arch gfx950 --environment physical --warmup 0 --repeats 1' ::     3.046035 sec
E20260820 14:59:25.921804 138842219835904 output_stream.cpp:111] Opened result file: /tmp/matched-attention-gfx950-70f69266/profiles/mla-prefill/counter-MeanOccupancyPerActiveCU/smci355-ccs-aus-n15-05/52949_kernel_trace.csv
E20260820 14:59:25.927038 138842219835904 output_stream.cpp:111] Opened result file: /tmp/matched-attention-gfx950-70f69266/profiles/mla-prefill/counter-MeanOccupancyPerActiveCU/smci355-ccs-aus-n15-05/52949_counter_collection.csv
E20260820 14:59:25.928995 138842219835904 output_stream.cpp:111] Opened result file: /tmp/matched-attention-gfx950-70f69266/profiles/mla-prefill/counter-MeanOccupancyPerActiveCU/smci355-ccs-aus-n15-05/52949_agent_info.csv
W20260820 14:59:25.932191 138842219835904 simple_timer.cpp:55] [rocprofv3] output generation ::     0.014651 sec
W20260820 14:59:25.932363 138842219835904 simple_timer.cpp:55] [rocprofv3] tool finalization ::     0.014869 sec
