W20260820 15:00:23.664730 139158349607424 simple_timer.cpp:55] [rocprofv3] tool initialization ::     0.160359 sec
W20260820 15:00:23.664867 139158349607424 simple_timer.cpp:55] [rocprofv3] 'python /tmp/profile_matched_attention.py --case kda-prefill --expected-arch gfx950 --environment physical --warmup 0 --repeats 1' ::     0.000000 sec
W20260820 15:00:24.636309 139158349607424 tool.cpp:2422] HSA version 8.20.4 initialized (instance=0)
W20260820 15:00:24.987114 128819691696640 simple_timer.cpp:55] [rocprofv3] tool initialization ::     0.157345 sec
W20260820 15:00:24.987227 128819691696640 simple_timer.cpp:55] [rocprofv3] '/bin/sh /sbin/ldconfig -p' ::     0.000000 sec
{
  "arch": "gfx950",
  "cases": {
    "kda-prefill": {
      "details": {},
      "latency_us": 843.0449962615967,
      "spec": {
        "dtypes": "BF16 Q/K/V/gates, FP32 parameters and recurrent state",
        "layout": "packed sequence, 64-token implementation chunks",
        "long_running": false,
        "model": "Kimi-K3",
        "phase": "prefill",
        "shape": "B1, prefix=0, extend=4096, heads=12, K/V=128"
      }
    }
  },
  "device": "AMD Radeon Graphics",
  "environment": "physical",
  "repeats": 1,
  "rocm": "7.2.26015",
  "schema_version": 1,
  "torch": "2.11.0+rocm7.2",
  "warmup": 0
}
W20260820 15:00:26.730318 139158349607424 simple_timer.cpp:55] [rocprofv3] 'python /tmp/profile_matched_attention.py --case kda-prefill --expected-arch gfx950 --environment physical --warmup 0 --repeats 1' ::     3.065451 sec
E20260820 15:00:26.742043 139158349607424 output_stream.cpp:111] Opened result file: /tmp/matched-attention-gfx950-70f69266/profiles/kda-prefill/counter-LDSBankConflict/smci355-ccs-aus-n15-05/54327_kernel_trace.csv
E20260820 15:00:26.747805 139158349607424 output_stream.cpp:111] Opened result file: /tmp/matched-attention-gfx950-70f69266/profiles/kda-prefill/counter-LDSBankConflict/smci355-ccs-aus-n15-05/54327_counter_collection.csv
E20260820 15:00:26.749617 139158349607424 output_stream.cpp:111] Opened result file: /tmp/matched-attention-gfx950-70f69266/profiles/kda-prefill/counter-LDSBankConflict/smci355-ccs-aus-n15-05/54327_agent_info.csv
W20260820 15:00:26.752195 139158349607424 simple_timer.cpp:55] [rocprofv3] output generation ::     0.014324 sec
W20260820 15:00:26.753544 139158349607424 simple_timer.cpp:55] [rocprofv3] tool finalization ::     0.015703 sec
