W20260831 09:07:37.906288 135262744527360 simple_timer.cpp:55] [rocprofv3] tool initialization ::     0.157300 sec
W20260831 09:07:37.906425 135262744527360 simple_timer.cpp:55] [rocprofv3] 'python profile_matched_attention.py --case dsa-decode-pipeline --expected-arch gfx950 --environment physical --warmup 0 --repeats 1' ::     0.000000 sec
W20260831 09:07:38.933764 135262744527360 tool.cpp:2422] HSA version 8.20.4 initialized (instance=0)
W20260831 09:07:39.328355 126118806278656 simple_timer.cpp:55] [rocprofv3] tool initialization ::     0.160469 sec
W20260831 09:07:39.328474 126118806278656 simple_timer.cpp:55] [rocprofv3] '/bin/sh /sbin/ldconfig -p' ::     0.000000 sec
{
  "arch": "gfx950",
  "cases": {
    "dsa-decode-pipeline": {
      "details": {
        "selection": "live output of dsa_decode_topk"
      },
      "latency_us": 794.6850061416626,
      "spec": {
        "dtypes": "BF16 index Q, packed FP8 index-K, FP8 attention Q/KV",
        "layout": "production dense-KV selected-attention path",
        "long_running": false,
        "model": "GLM-5.2",
        "phase": "decode top-k plus selected attention",
        "shape": "B1, context=4096, q_len=1, index_heads=32, index_dim=128, attention_heads=8, topk=2048, rank=512, rope=64"
      }
    }
  },
  "device": "AMD Radeon Graphics",
  "environment": "physical",
  "repeats": 1,
  "rocm": "7.2.26015",
  "schema_version": 1,
  "torch": "2.11.0+rocm7.2",
  "warmup": 0
}
W20260831 09:07:41.215359 135262744527360 simple_timer.cpp:55] [rocprofv3] 'python profile_matched_attention.py --case dsa-decode-pipeline --expected-arch gfx950 --environment physical --warmup 0 --repeats 1' ::     3.308934 sec
E20260831 09:07:41.224622 135262744527360 output_stream.cpp:111] Opened result file: profiles/dsa-decode-pipeline/counter-MemWrites32B/81b771ff473d/8811_kernel_trace.csv
E20260831 09:07:41.230553 135262744527360 output_stream.cpp:111] Opened result file: profiles/dsa-decode-pipeline/counter-MemWrites32B/81b771ff473d/8811_counter_collection.csv
E20260831 09:07:41.232660 135262744527360 output_stream.cpp:111] Opened result file: profiles/dsa-decode-pipeline/counter-MemWrites32B/81b771ff473d/8811_agent_info.csv
W20260831 09:07:41.235421 135262744527360 simple_timer.cpp:55] [rocprofv3] output generation ::     0.015724 sec
W20260831 09:07:41.236058 135262744527360 simple_timer.cpp:55] [rocprofv3] tool finalization ::     0.016399 sec
