W20260831 09:07:56.833983 124026539627008 simple_timer.cpp:55] [rocprofv3] tool initialization ::     0.157613 sec
W20260831 09:07:56.834139 124026539627008 simple_timer.cpp:55] [rocprofv3] 'python profile_matched_attention.py --case dsa-decode-pipeline --expected-arch gfx950 --environment physical --warmup 0 --repeats 1' ::     0.000000 sec
W20260831 09:07:57.868743 124026539627008 tool.cpp:2422] HSA version 8.20.4 initialized (instance=0)
W20260831 09:07:58.240054 131968618365440 simple_timer.cpp:55] [rocprofv3] tool initialization ::     0.157958 sec
W20260831 09:07:58.240202 131968618365440 simple_timer.cpp:55] [rocprofv3] '/bin/sh /sbin/ldconfig -p' ::     0.000000 sec
{
  "arch": "gfx950",
  "cases": {
    "dsa-decode-pipeline": {
      "details": {
        "selection": "live output of dsa_decode_topk"
      },
      "latency_us": 878.3259987831116,
      "spec": {
        "dtypes": "BF16 index Q, packed FP8 index-K, FP8 attention Q/KV",
        "layout": "production dense-KV selected-attention path",
        "long_running": false,
        "model": "GLM-5.2",
        "phase": "decode top-k plus selected attention",
        "shape": "B1, context=4096, q_len=1, index_heads=32, index_dim=128, attention_heads=8, topk=2048, rank=512, rope=64"
      }
    }
  },
  "device": "AMD Radeon Graphics",
  "environment": "physical",
  "repeats": 1,
  "rocm": "7.2.26015",
  "schema_version": 1,
  "torch": "2.11.0+rocm7.2",
  "warmup": 0
}
W20260831 09:08:00.174126 124026539627008 simple_timer.cpp:55] [rocprofv3] 'python profile_matched_attention.py --case dsa-decode-pipeline --expected-arch gfx950 --environment physical --warmup 0 --repeats 1' ::     3.339988 sec
E20260831 09:08:00.183505 124026539627008 output_stream.cpp:111] Opened result file: profiles/dsa-decode-pipeline/counter-MemUnitStalled/81b771ff473d/9206_kernel_trace.csv
E20260831 09:08:00.188997 124026539627008 output_stream.cpp:111] Opened result file: profiles/dsa-decode-pipeline/counter-MemUnitStalled/81b771ff473d/9206_counter_collection.csv
E20260831 09:08:00.191021 124026539627008 output_stream.cpp:111] Opened result file: profiles/dsa-decode-pipeline/counter-MemUnitStalled/81b771ff473d/9206_agent_info.csv
W20260831 09:08:00.193745 124026539627008 simple_timer.cpp:55] [rocprofv3] output generation ::     0.014403 sec
W20260831 09:08:00.194371 124026539627008 simple_timer.cpp:55] [rocprofv3] tool finalization ::     0.015070 sec
