W20260831 09:08:03.894908 129258559021568 simple_timer.cpp:55] [rocprofv3] tool initialization ::     0.158665 sec
W20260831 09:08:03.895048 129258559021568 simple_timer.cpp:55] [rocprofv3] 'python profile_matched_attention.py --case dsa-prefill-pipeline-4k --expected-arch gfx950 --environment physical --warmup 0 --repeats 1' ::     0.000000 sec
W20260831 09:08:04.916847 129258559021568 tool.cpp:2422] HSA version 8.20.4 initialized (instance=0)
W20260831 09:08:05.291854 131402395095552 simple_timer.cpp:55] [rocprofv3] tool initialization ::     0.159849 sec
W20260831 09:08:05.291976 131402395095552 simple_timer.cpp:55] [rocprofv3] '/bin/sh /sbin/ldconfig -p' ::     0.000000 sec
{
  "arch": "gfx950",
  "cases": {
    "dsa-prefill-pipeline-4k": {
      "details": {
        "selection": "live output of dsa_prefill_topk"
      },
      "latency_us": 2953.3770084381104,
      "spec": {
        "dtypes": "BF16 index Q, packed FP8 index-K, FP8 attention Q/KV",
        "layout": "production dense-KV selected-attention path",
        "long_running": true,
        "model": "GLM-5.2",
        "phase": "pure prefill top-k plus selected attention",
        "shape": "B1, prefix=0, extend=4096, index_heads=32, index_dim=128, attention_heads=8, causal topk<=2048, rank=512, rope=64"
      }
    }
  },
  "device": "AMD Radeon Graphics",
  "environment": "physical",
  "repeats": 1,
  "rocm": "7.2.26015",
  "schema_version": 1,
  "torch": "2.11.0+rocm7.2",
  "warmup": 0
}
W20260831 09:08:07.197332 129258559021568 simple_timer.cpp:55] [rocprofv3] 'python profile_matched_attention.py --case dsa-prefill-pipeline-4k --expected-arch gfx950 --environment physical --warmup 0 --repeats 1' ::     3.302284 sec
E20260831 09:08:07.206265 129258559021568 output_stream.cpp:111] Opened result file: profiles/dsa-prefill-pipeline-4k/counter-FetchSize/81b771ff473d/9364_kernel_trace.csv
E20260831 09:08:07.211913 129258559021568 output_stream.cpp:111] Opened result file: profiles/dsa-prefill-pipeline-4k/counter-FetchSize/81b771ff473d/9364_counter_collection.csv
E20260831 09:08:07.213921 129258559021568 output_stream.cpp:111] Opened result file: profiles/dsa-prefill-pipeline-4k/counter-FetchSize/81b771ff473d/9364_agent_info.csv
W20260831 09:08:07.216585 129258559021568 simple_timer.cpp:55] [rocprofv3] output generation ::     0.014124 sec
W20260831 09:08:07.217313 129258559021568 simple_timer.cpp:55] [rocprofv3] tool finalization ::     0.014893 sec
