W20260820 14:59:52.887115 135470719984128 simple_timer.cpp:55] [rocprofv3] tool initialization ::     0.157675 sec
W20260820 14:59:52.887396 135470719984128 simple_timer.cpp:55] [rocprofv3] 'python /tmp/profile_matched_attention.py --case kda-decode --expected-arch gfx950 --environment physical --warmup 0 --repeats 1' ::     0.000000 sec
W20260820 14:59:53.874486 135470719984128 tool.cpp:2422] HSA version 8.20.4 initialized (instance=0)
W20260820 14:59:54.222878 124799584248320 simple_timer.cpp:55] [rocprofv3] tool initialization ::     0.157750 sec
W20260820 14:59:54.222984 124799584248320 simple_timer.cpp:55] [rocprofv3] '/bin/sh /sbin/ldconfig -p' ::     0.000000 sec
{
  "arch": "gfx950",
  "cases": {
    "kda-decode": {
      "details": {
        "state_pages": "read page 0, write page 1"
      },
      "latency_us": 301.4419972896576,
      "spec": {
        "dtypes": "BF16 Q/K/V/gates, FP32 parameters and recurrent state",
        "layout": "indexed K-major recurrent-state pool",
        "long_running": false,
        "model": "Kimi-K3",
        "phase": "decode",
        "shape": "B1, q_len=1, heads=12, K/V=128"
      }
    }
  },
  "device": "AMD Radeon Graphics",
  "environment": "physical",
  "repeats": 1,
  "rocm": "7.2.26015",
  "schema_version": 1,
  "torch": "2.11.0+rocm7.2",
  "warmup": 0
}
W20260820 14:59:55.704302 135470719984128 simple_timer.cpp:55] [rocprofv3] 'python /tmp/profile_matched_attention.py --case kda-decode --expected-arch gfx950 --environment physical --warmup 0 --repeats 1' ::     2.816906 sec
E20260820 14:59:55.710471 135470719984128 output_stream.cpp:111] Opened result file: /tmp/matched-attention-gfx950-70f69266/profiles/kda-decode/counter-MfmaUtil/smci355-ccs-aus-n15-05/53643_kernel_trace.csv
E20260820 14:59:55.714957 135470719984128 output_stream.cpp:111] Opened result file: /tmp/matched-attention-gfx950-70f69266/profiles/kda-decode/counter-MfmaUtil/smci355-ccs-aus-n15-05/53643_counter_collection.csv
E20260820 14:59:55.716632 135470719984128 output_stream.cpp:111] Opened result file: /tmp/matched-attention-gfx950-70f69266/profiles/kda-decode/counter-MfmaUtil/smci355-ccs-aus-n15-05/53643_agent_info.csv
W20260820 14:59:55.718839 135470719984128 simple_timer.cpp:55] [rocprofv3] output generation ::     0.012153 sec
W20260820 14:59:55.718989 135470719984128 simple_timer.cpp:55] [rocprofv3] tool finalization ::     0.012336 sec
