W20260820 14:59:42.765435 130209201873408 simple_timer.cpp:55] [rocprofv3] tool initialization ::     0.159749 sec
W20260820 14:59:42.765561 130209201873408 simple_timer.cpp:55] [rocprofv3] 'python /tmp/profile_matched_attention.py --case kda-decode --expected-arch gfx950 --environment physical --warmup 0 --repeats 1' ::     0.000000 sec
W20260820 14:59:43.725949 130209201873408 tool.cpp:2422] HSA version 8.20.4 initialized (instance=0)
W20260820 14:59:44.075204 135722200678912 simple_timer.cpp:55] [rocprofv3] tool initialization ::     0.158040 sec
W20260820 14:59:44.075367 135722200678912 simple_timer.cpp:55] [rocprofv3] '/bin/sh /sbin/ldconfig -p' ::     0.000000 sec
{
  "arch": "gfx950",
  "cases": {
    "kda-decode": {
      "details": {
        "state_pages": "read page 0, write page 1"
      },
      "latency_us": 419.7629988193512,
      "spec": {
        "dtypes": "BF16 Q/K/V/gates, FP32 parameters and recurrent state",
        "layout": "indexed K-major recurrent-state pool",
        "long_running": false,
        "model": "Kimi-K3",
        "phase": "decode",
        "shape": "B1, q_len=1, heads=12, K/V=128"
      }
    }
  },
  "device": "AMD Radeon Graphics",
  "environment": "physical",
  "repeats": 1,
  "rocm": "7.2.26015",
  "schema_version": 1,
  "torch": "2.11.0+rocm7.2",
  "warmup": 0
}
W20260820 14:59:45.577364 130209201873408 simple_timer.cpp:55] [rocprofv3] 'python /tmp/profile_matched_attention.py --case kda-decode --expected-arch gfx950 --environment physical --warmup 0 --repeats 1' ::     2.811803 sec
E20260820 14:59:45.583142 130209201873408 output_stream.cpp:111] Opened result file: /tmp/matched-attention-gfx950-70f69266/profiles/kda-decode/counter-FetchSize/smci355-ccs-aus-n15-05/53415_kernel_trace.csv
E20260820 14:59:45.587588 130209201873408 output_stream.cpp:111] Opened result file: /tmp/matched-attention-gfx950-70f69266/profiles/kda-decode/counter-FetchSize/smci355-ccs-aus-n15-05/53415_counter_collection.csv
E20260820 14:59:45.589175 130209201873408 output_stream.cpp:111] Opened result file: /tmp/matched-attention-gfx950-70f69266/profiles/kda-decode/counter-FetchSize/smci355-ccs-aus-n15-05/53415_agent_info.csv
W20260820 14:59:45.591429 130209201873408 simple_timer.cpp:55] [rocprofv3] output generation ::     0.011815 sec
W20260820 14:59:45.591577 130209201873408 simple_timer.cpp:55] [rocprofv3] tool finalization ::     0.011997 sec
