W20260831 09:07:08.033169 123765777568256 simple_timer.cpp:55] [rocprofv3] tool initialization ::     0.161990 sec
W20260831 09:07:08.033317 123765777568256 simple_timer.cpp:55] [rocprofv3] 'python profile_matched_attention.py --case kda-prefill --expected-arch gfx950 --environment physical --warmup 0 --repeats 1' ::     0.000000 sec
W20260831 09:07:09.047295 123765777568256 tool.cpp:2422] HSA version 8.20.4 initialized (instance=0)
W20260831 09:07:09.421915 137557889958400 simple_timer.cpp:55] [rocprofv3] tool initialization ::     0.162173 sec
W20260831 09:07:09.422035 137557889958400 simple_timer.cpp:55] [rocprofv3] '/bin/sh /sbin/ldconfig -p' ::     0.000000 sec
{
  "arch": "gfx950",
  "cases": {
    "kda-prefill": {
      "details": {
        "cu_seqlens_cpu": "host int64 boundary hint"
      },
      "latency_us": 1201.127052307129,
      "spec": {
        "dtypes": "BF16 Q/K/V/gates, FP32 parameters and recurrent state",
        "layout": "packed sequence, 64-token implementation chunks",
        "long_running": false,
        "model": "Kimi-K3",
        "phase": "prefill",
        "shape": "B1, prefix=0, extend=4096, heads=12, K/V=128"
      }
    }
  },
  "device": "AMD Radeon Graphics",
  "environment": "physical",
  "repeats": 1,
  "rocm": "7.2.26015",
  "schema_version": 1,
  "torch": "2.11.0+rocm7.2",
  "warmup": 0
}
W20260831 09:07:11.451382 123765777568256 simple_timer.cpp:55] [rocprofv3] 'python profile_matched_attention.py --case kda-prefill --expected-arch gfx950 --environment physical --warmup 0 --repeats 1' ::     3.418065 sec
E20260831 09:07:11.464449 123765777568256 output_stream.cpp:111] Opened result file: profiles/kda-prefill/counter-MemWrites32B/81b771ff473d/8191_kernel_trace.csv
E20260831 09:07:11.469913 123765777568256 output_stream.cpp:111] Opened result file: profiles/kda-prefill/counter-MemWrites32B/81b771ff473d/8191_counter_collection.csv
E20260831 09:07:11.471995 123765777568256 output_stream.cpp:111] Opened result file: profiles/kda-prefill/counter-MemWrites32B/81b771ff473d/8191_agent_info.csv
W20260831 09:07:11.474822 123765777568256 simple_timer.cpp:55] [rocprofv3] output generation ::     0.014701 sec
W20260831 09:07:11.476256 123765777568256 simple_timer.cpp:55] [rocprofv3] tool finalization ::     0.016180 sec
