W20260820 15:00:20.095587 136831494517248 simple_timer.cpp:55] [rocprofv3] tool initialization ::     0.160849 sec
W20260820 15:00:20.095725 136831494517248 simple_timer.cpp:55] [rocprofv3] 'python /tmp/profile_matched_attention.py --case kda-prefill --expected-arch gfx950 --environment physical --warmup 0 --repeats 1' ::     0.000000 sec
W20260820 15:00:21.054440 136831494517248 tool.cpp:2422] HSA version 8.20.4 initialized (instance=0)
W20260820 15:00:21.402273 135493002170880 simple_timer.cpp:55] [rocprofv3] tool initialization ::     0.157832 sec
W20260820 15:00:21.402421 135493002170880 simple_timer.cpp:55] [rocprofv3] '/bin/sh /sbin/ldconfig -p' ::     0.000000 sec
{
  "arch": "gfx950",
  "cases": {
    "kda-prefill": {
      "details": {},
      "latency_us": 831.1660289764404,
      "spec": {
        "dtypes": "BF16 Q/K/V/gates, FP32 parameters and recurrent state",
        "layout": "packed sequence, 64-token implementation chunks",
        "long_running": false,
        "model": "Kimi-K3",
        "phase": "prefill",
        "shape": "B1, prefix=0, extend=4096, heads=12, K/V=128"
      }
    }
  },
  "device": "AMD Radeon Graphics",
  "environment": "physical",
  "repeats": 1,
  "rocm": "7.2.26015",
  "schema_version": 1,
  "torch": "2.11.0+rocm7.2",
  "warmup": 0
}
W20260820 15:00:23.122153 136831494517248 simple_timer.cpp:55] [rocprofv3] 'python /tmp/profile_matched_attention.py --case kda-prefill --expected-arch gfx950 --environment physical --warmup 0 --repeats 1' ::     3.026429 sec
E20260820 15:00:23.133694 136831494517248 output_stream.cpp:111] Opened result file: /tmp/matched-attention-gfx950-70f69266/profiles/kda-prefill/counter-MfmaUtil/smci355-ccs-aus-n15-05/54251_kernel_trace.csv
E20260820 15:00:23.138719 136831494517248 output_stream.cpp:111] Opened result file: /tmp/matched-attention-gfx950-70f69266/profiles/kda-prefill/counter-MfmaUtil/smci355-ccs-aus-n15-05/54251_counter_collection.csv
E20260820 15:00:23.140685 136831494517248 output_stream.cpp:111] Opened result file: /tmp/matched-attention-gfx950-70f69266/profiles/kda-prefill/counter-MfmaUtil/smci355-ccs-aus-n15-05/54251_agent_info.csv
W20260820 15:00:23.143544 136831494517248 simple_timer.cpp:55] [rocprofv3] output generation ::     0.014018 sec
W20260820 15:00:23.144916 136831494517248 simple_timer.cpp:55] [rocprofv3] tool finalization ::     0.015422 sec
