W20260831 09:07:45.737201 125983835382272 simple_timer.cpp:55] [rocprofv3] tool initialization ::     0.158485 sec
W20260831 09:07:45.737330 125983835382272 simple_timer.cpp:55] [rocprofv3] 'python profile_matched_attention.py --case dsa-decode-pipeline --expected-arch gfx950 --environment physical --warmup 0 --repeats 1' ::     0.000000 sec
W20260831 09:07:46.766345 125983835382272 tool.cpp:2422] HSA version 8.20.4 initialized (instance=0)
W20260831 09:07:47.147314 140473481290240 simple_timer.cpp:55] [rocprofv3] tool initialization ::     0.165398 sec
W20260831 09:07:47.147436 140473481290240 simple_timer.cpp:55] [rocprofv3] '/bin/sh /sbin/ldconfig -p' ::     0.000000 sec
{
  "arch": "gfx950",
  "cases": {
    "dsa-decode-pipeline": {
      "details": {
        "selection": "live output of dsa_decode_topk"
      },
      "latency_us": 516.4030194282532,
      "spec": {
        "dtypes": "BF16 index Q, packed FP8 index-K, FP8 attention Q/KV",
        "layout": "production dense-KV selected-attention path",
        "long_running": false,
        "model": "GLM-5.2",
        "phase": "decode top-k plus selected attention",
        "shape": "B1, context=4096, q_len=1, index_heads=32, index_dim=128, attention_heads=8, topk=2048, rank=512, rope=64"
      }
    }
  },
  "device": "AMD Radeon Graphics",
  "environment": "physical",
  "repeats": 1,
  "rocm": "7.2.26015",
  "schema_version": 1,
  "torch": "2.11.0+rocm7.2",
  "warmup": 0
}
W20260831 09:07:49.012887 125983835382272 simple_timer.cpp:55] [rocprofv3] 'python profile_matched_attention.py --case dsa-decode-pipeline --expected-arch gfx950 --environment physical --warmup 0 --repeats 1' ::     3.275558 sec
E20260831 09:07:49.021899 125983835382272 output_stream.cpp:111] Opened result file: profiles/dsa-decode-pipeline/counter-MfmaUtil/81b771ff473d/8969_kernel_trace.csv
E20260831 09:07:49.027350 125983835382272 output_stream.cpp:111] Opened result file: profiles/dsa-decode-pipeline/counter-MfmaUtil/81b771ff473d/8969_counter_collection.csv
E20260831 09:07:49.029279 125983835382272 output_stream.cpp:111] Opened result file: profiles/dsa-decode-pipeline/counter-MfmaUtil/81b771ff473d/8969_agent_info.csv
W20260831 09:07:49.031978 125983835382272 simple_timer.cpp:55] [rocprofv3] output generation ::     0.014042 sec
W20260831 09:07:49.032618 125983835382272 simple_timer.cpp:55] [rocprofv3] tool finalization ::     0.014720 sec
