W20260820 15:00:16.522138 135486535922176 simple_timer.cpp:55] [rocprofv3] tool initialization ::     0.158593 sec
W20260820 15:00:16.522275 135486535922176 simple_timer.cpp:55] [rocprofv3] 'python /tmp/profile_matched_attention.py --case kda-prefill --expected-arch gfx950 --environment physical --warmup 0 --repeats 1' ::     0.000000 sec
W20260820 15:00:17.483381 135486535922176 tool.cpp:2422] HSA version 8.20.4 initialized (instance=0)
W20260820 15:00:17.834133 132498651529728 simple_timer.cpp:55] [rocprofv3] tool initialization ::     0.158460 sec
W20260820 15:00:17.834286 132498651529728 simple_timer.cpp:55] [rocprofv3] '/bin/sh /sbin/ldconfig -p' ::     0.000000 sec
{
  "arch": "gfx950",
  "cases": {
    "kda-prefill": {
      "details": {},
      "latency_us": 893.0860161781311,
      "spec": {
        "dtypes": "BF16 Q/K/V/gates, FP32 parameters and recurrent state",
        "layout": "packed sequence, 64-token implementation chunks",
        "long_running": false,
        "model": "Kimi-K3",
        "phase": "prefill",
        "shape": "B1, prefix=0, extend=4096, heads=12, K/V=128"
      }
    }
  },
  "device": "AMD Radeon Graphics",
  "environment": "physical",
  "repeats": 1,
  "rocm": "7.2.26015",
  "schema_version": 1,
  "torch": "2.11.0+rocm7.2",
  "warmup": 0
}
W20260820 15:00:19.538837 135486535922176 simple_timer.cpp:55] [rocprofv3] 'python /tmp/profile_matched_attention.py --case kda-prefill --expected-arch gfx950 --environment physical --warmup 0 --repeats 1' ::     3.016562 sec
E20260820 15:00:19.549903 135486535922176 output_stream.cpp:111] Opened result file: /tmp/matched-attention-gfx950-70f69266/profiles/kda-prefill/counter-MeanOccupancyPerActiveCU/smci355-ccs-aus-n15-05/54175_kernel_trace.csv
E20260820 15:00:19.555177 135486535922176 output_stream.cpp:111] Opened result file: /tmp/matched-attention-gfx950-70f69266/profiles/kda-prefill/counter-MeanOccupancyPerActiveCU/smci355-ccs-aus-n15-05/54175_counter_collection.csv
E20260820 15:00:19.557182 135486535922176 output_stream.cpp:111] Opened result file: /tmp/matched-attention-gfx950-70f69266/profiles/kda-prefill/counter-MeanOccupancyPerActiveCU/smci355-ccs-aus-n15-05/54175_agent_info.csv
W20260820 15:00:19.559984 135486535922176 simple_timer.cpp:55] [rocprofv3] output generation ::     0.013892 sec
W20260820 15:00:19.561275 135486535922176 simple_timer.cpp:55] [rocprofv3] tool finalization ::     0.015217 sec
