W20260820 14:58:49.757788 138666378670592 simple_timer.cpp:55] [rocprofv3] tool initialization ::     0.158796 sec
W20260820 14:58:49.757926 138666378670592 simple_timer.cpp:55] [rocprofv3] 'python /tmp/profile_matched_attention.py --case mla-decode --expected-arch gfx950 --environment physical --warmup 0 --repeats 1' ::     0.000000 sec
W20260820 14:58:50.721202 138666378670592 tool.cpp:2422] HSA version 8.20.4 initialized (instance=0)
W20260820 14:58:51.069334 128553505333760 simple_timer.cpp:55] [rocprofv3] tool initialization ::     0.158372 sec
W20260820 14:58:51.069445 128553505333760 simple_timer.cpp:55] [rocprofv3] '/bin/sh /sbin/ldconfig -p' ::     0.000000 sec
{
  "arch": "gfx950",
  "cases": {
    "mla-decode": {
      "details": {
        "gate": "sigmoid",
        "max_seqlen_k": 4096,
        "projected_value": true
      },
      "latency_us": 640.4449939727783,
      "spec": {
        "dtypes": "FP8 absorbed Q/KV; BF16 value projection, gate, and output",
        "layout": "dense paged KV, page_size=64, projected-value/gate epilogue",
        "long_running": false,
        "model": "Kimi-K3",
        "phase": "decode",
        "shape": "B1, context=4096, q_len=1, heads=12, rank=512, rope=64"
      }
    }
  },
  "device": "AMD Radeon Graphics",
  "environment": "physical",
  "repeats": 1,
  "rocm": "7.2.26015",
  "schema_version": 1,
  "torch": "2.11.0+rocm7.2",
  "warmup": 0
}
W20260820 14:58:52.575309 138666378670592 simple_timer.cpp:55] [rocprofv3] 'python /tmp/profile_matched_attention.py --case mla-decode --expected-arch gfx950 --environment physical --warmup 0 --repeats 1' ::     2.817383 sec
E20260820 14:58:52.581075 138666378670592 output_stream.cpp:111] Opened result file: /tmp/matched-attention-gfx950-70f69266/profiles/mla-decode/counter-FetchSize/smci355-ccs-aus-n15-05/52169_kernel_trace.csv
E20260820 14:58:52.585499 138666378670592 output_stream.cpp:111] Opened result file: /tmp/matched-attention-gfx950-70f69266/profiles/mla-decode/counter-FetchSize/smci355-ccs-aus-n15-05/52169_counter_collection.csv
E20260820 14:58:52.587241 138666378670592 output_stream.cpp:111] Opened result file: /tmp/matched-attention-gfx950-70f69266/profiles/mla-decode/counter-FetchSize/smci355-ccs-aus-n15-05/52169_agent_info.csv
W20260820 14:58:52.589371 138666378670592 simple_timer.cpp:55] [rocprofv3] output generation ::     0.011551 sec
W20260820 14:58:52.589553 138666378670592 simple_timer.cpp:55] [rocprofv3] tool finalization ::     0.011767 sec
