W20260820 14:59:26.556039 138433217630720 simple_timer.cpp:55] [rocprofv3] tool initialization ::     0.159252 sec
W20260820 14:59:26.556185 138433217630720 simple_timer.cpp:55] [rocprofv3] 'python /tmp/profile_matched_attention.py --case mla-prefill --expected-arch gfx950 --environment physical --warmup 0 --repeats 1' ::     0.000000 sec
W20260820 14:59:27.524552 138433217630720 tool.cpp:2422] HSA version 8.20.4 initialized (instance=0)
W20260820 14:59:27.870515 127037977719296 simple_timer.cpp:55] [rocprofv3] tool initialization ::     0.156320 sec
W20260820 14:59:27.870613 127037977719296 simple_timer.cpp:55] [rocprofv3] '/bin/sh /sbin/ldconfig -p' ::     0.000000 sec
{
  "arch": "gfx950",
  "cases": {
    "mla-prefill": {
      "details": {},
      "latency_us": 466.0840034484863,
      "spec": {
        "dtypes": "FP8 Q/K/V",
        "layout": "packed varlen, causal",
        "long_running": false,
        "model": "Kimi-K3",
        "phase": "prefill",
        "shape": "B1, prefix=0, extend=4096, heads=12, QK=192, V=128"
      }
    }
  },
  "device": "AMD Radeon Graphics",
  "environment": "physical",
  "repeats": 1,
  "rocm": "7.2.26015",
  "schema_version": 1,
  "torch": "2.11.0+rocm7.2",
  "warmup": 0
}
W20260820 14:59:29.392202 138433217630720 simple_timer.cpp:55] [rocprofv3] 'python /tmp/profile_matched_attention.py --case mla-prefill --expected-arch gfx950 --environment physical --warmup 0 --repeats 1' ::     2.836017 sec
E20260820 14:59:29.397879 138433217630720 output_stream.cpp:111] Opened result file: /tmp/matched-attention-gfx950-70f69266/profiles/mla-prefill/counter-MfmaUtil/smci355-ccs-aus-n15-05/53027_kernel_trace.csv
E20260820 14:59:29.402219 138433217630720 output_stream.cpp:111] Opened result file: /tmp/matched-attention-gfx950-70f69266/profiles/mla-prefill/counter-MfmaUtil/smci355-ccs-aus-n15-05/53027_counter_collection.csv
E20260820 14:59:29.403782 138433217630720 output_stream.cpp:111] Opened result file: /tmp/matched-attention-gfx950-70f69266/profiles/mla-prefill/counter-MfmaUtil/smci355-ccs-aus-n15-05/53027_agent_info.csv
W20260820 14:59:29.405889 138433217630720 simple_timer.cpp:55] [rocprofv3] output generation ::     0.011311 sec
W20260820 14:59:29.406031 138433217630720 simple_timer.cpp:55] [rocprofv3] tool finalization ::     0.011489 sec
