W20260831 09:07:00.447001 133529529328128 simple_timer.cpp:55] [rocprofv3] tool initialization ::     0.000576 sec
W20260831 09:07:00.447105 133529529328128 simple_timer.cpp:55] [rocprofv3] 'python profile_matched_attention.py --case kda-prefill --expected-arch gfx950 --environment physical --warmup 0 --repeats 1' ::     0.000000 sec
W20260831 09:07:01.471653 133529529328128 tool.cpp:2422] HSA version 8.20.4 initialized (instance=0)
W20260831 09:07:01.701593 132901656461824 simple_timer.cpp:55] [rocprofv3] tool initialization ::     0.000621 sec
W20260831 09:07:01.701660 132901656461824 simple_timer.cpp:55] [rocprofv3] '/bin/sh /sbin/ldconfig -p' ::     0.000000 sec
{
  "arch": "gfx950",
  "cases": {
    "kda-prefill": {
      "details": {
        "cu_seqlens_cpu": "host int64 boundary hint"
      },
      "latency_us": 566.1230087280273,
      "spec": {
        "dtypes": "BF16 Q/K/V/gates, FP32 parameters and recurrent state",
        "layout": "packed sequence, 64-token implementation chunks",
        "long_running": false,
        "model": "Kimi-K3",
        "phase": "prefill",
        "shape": "B1, prefix=0, extend=4096, heads=12, K/V=128"
      }
    }
  },
  "device": "AMD Radeon Graphics",
  "environment": "physical",
  "repeats": 1,
  "rocm": "7.2.26015",
  "schema_version": 1,
  "torch": "2.11.0+rocm7.2",
  "warmup": 0
}
W20260831 09:07:03.478521 133529529328128 simple_timer.cpp:55] [rocprofv3] 'python profile_matched_attention.py --case kda-prefill --expected-arch gfx950 --environment physical --warmup 0 --repeats 1' ::     3.031416 sec
E20260831 09:07:03.490666 133529529328128 output_stream.cpp:111] Opened result file: profiles/kda-prefill/trace/81b771ff473d/8037_kernel_trace.csv
E20260831 09:07:03.492826 133529529328128 output_stream.cpp:111] Opened result file: profiles/kda-prefill/trace/81b771ff473d/8037_agent_info.csv
W20260831 09:07:03.494334 133529529328128 simple_timer.cpp:55] [rocprofv3] output generation ::     0.008180 sec
W20260831 09:07:03.495531 133529529328128 simple_timer.cpp:55] [rocprofv3] tool finalization ::     0.009420 sec
