W20260831 09:07:31.011534 126754294358528 simple_timer.cpp:55] [rocprofv3] tool initialization ::     0.000635 sec
W20260831 09:07:31.011625 126754294358528 simple_timer.cpp:55] [rocprofv3] 'python profile_matched_attention.py --case dsa-decode-pipeline --expected-arch gfx950 --environment physical --warmup 0 --repeats 1' ::     0.000000 sec
W20260831 09:07:32.051140 126754294358528 tool.cpp:2422] HSA version 8.20.4 initialized (instance=0)
W20260831 09:07:32.263718 123224453231104 simple_timer.cpp:55] [rocprofv3] tool initialization ::     0.000646 sec
W20260831 09:07:32.263798 123224453231104 simple_timer.cpp:55] [rocprofv3] '/bin/sh /sbin/ldconfig -p' ::     0.000000 sec
{
  "arch": "gfx950",
  "cases": {
    "dsa-decode-pipeline": {
      "details": {
        "selection": "live output of dsa_decode_topk"
      },
      "latency_us": 384.4819962978363,
      "spec": {
        "dtypes": "BF16 index Q, packed FP8 index-K, FP8 attention Q/KV",
        "layout": "production dense-KV selected-attention path",
        "long_running": false,
        "model": "GLM-5.2",
        "phase": "decode top-k plus selected attention",
        "shape": "B1, context=4096, q_len=1, index_heads=32, index_dim=128, attention_heads=8, topk=2048, rank=512, rope=64"
      }
    }
  },
  "device": "AMD Radeon Graphics",
  "environment": "physical",
  "repeats": 1,
  "rocm": "7.2.26015",
  "schema_version": 1,
  "torch": "2.11.0+rocm7.2",
  "warmup": 0
}
W20260831 09:07:33.771146 126754294358528 simple_timer.cpp:55] [rocprofv3] 'python profile_matched_attention.py --case dsa-decode-pipeline --expected-arch gfx950 --environment physical --warmup 0 --repeats 1' ::     2.759520 sec
E20260831 09:07:33.779533 126754294358528 output_stream.cpp:111] Opened result file: profiles/dsa-decode-pipeline/trace/81b771ff473d/8653_kernel_trace.csv
E20260831 09:07:33.781504 126754294358528 output_stream.cpp:111] Opened result file: profiles/dsa-decode-pipeline/trace/81b771ff473d/8653_agent_info.csv
W20260831 09:07:33.782713 126754294358528 simple_timer.cpp:55] [rocprofv3] output generation ::     0.006805 sec
W20260831 09:07:33.783234 126754294358528 simple_timer.cpp:55] [rocprofv3] tool finalization ::     0.007355 sec
