W20260831 09:05:38.973581 133272378040832 simple_timer.cpp:55] [rocprofv3] tool initialization ::     0.158320 sec
W20260831 09:05:38.973717 133272378040832 simple_timer.cpp:55] [rocprofv3] 'python profile_matched_attention.py --case mla-decode --expected-arch gfx950 --environment physical --warmup 0 --repeats 1' ::     0.000000 sec
W20260831 09:05:39.999202 133272378040832 tool.cpp:2422] HSA version 8.20.4 initialized (instance=0)
W20260831 09:05:40.372941 123260320936448 simple_timer.cpp:55] [rocprofv3] tool initialization ::     0.159764 sec
W20260831 09:05:40.373054 123260320936448 simple_timer.cpp:55] [rocprofv3] '/bin/sh /sbin/ldconfig -p' ::     0.000000 sec
{
  "arch": "gfx950",
  "cases": {
    "mla-decode": {
      "details": {
        "gate": "sigmoid",
        "max_seqlen_k": 4096,
        "projected_value": true
      },
      "latency_us": 680.7829737663269,
      "spec": {
        "dtypes": "FP8 absorbed Q/KV; BF16 value projection, gate, and output",
        "layout": "dense paged KV, page_size=64, projected-value/gate epilogue",
        "long_running": false,
        "model": "Kimi-K3",
        "phase": "decode",
        "shape": "B1, context=4096, q_len=1, heads=12, rank=512, rope=64"
      }
    }
  },
  "device": "AMD Radeon Graphics",
  "environment": "physical",
  "repeats": 1,
  "rocm": "7.2.26015",
  "schema_version": 1,
  "torch": "2.11.0+rocm7.2",
  "warmup": 0
}
W20260831 09:05:41.923545 133272378040832 simple_timer.cpp:55] [rocprofv3] 'python profile_matched_attention.py --case mla-decode --expected-arch gfx950 --environment physical --warmup 0 --repeats 1' ::     2.949828 sec
E20260831 09:05:41.930492 133272378040832 output_stream.cpp:111] Opened result file: profiles/mla-decode/counter-FetchSize/81b771ff473d/6236_kernel_trace.csv
E20260831 09:05:41.935098 133272378040832 output_stream.cpp:111] Opened result file: profiles/mla-decode/counter-FetchSize/81b771ff473d/6236_counter_collection.csv
E20260831 09:05:41.936797 133272378040832 output_stream.cpp:111] Opened result file: profiles/mla-decode/counter-FetchSize/81b771ff473d/6236_agent_info.csv
W20260831 09:05:41.938926 133272378040832 simple_timer.cpp:55] [rocprofv3] output generation ::     0.012194 sec
W20260831 09:05:41.939115 133272378040832 simple_timer.cpp:55] [rocprofv3] tool finalization ::     0.012412 sec
