W20260831 09:06:39.067509 133180592034304 simple_timer.cpp:55] [rocprofv3] tool initialization ::     0.159307 sec
W20260831 09:06:39.067638 133180592034304 simple_timer.cpp:55] [rocprofv3] 'python profile_matched_attention.py --case kda-decode --expected-arch gfx950 --environment physical --warmup 0 --repeats 1' ::     0.000000 sec
W20260831 09:06:40.075444 133180592034304 tool.cpp:2422] HSA version 8.20.4 initialized (instance=0)
W20260831 09:06:40.460749 130070597501440 simple_timer.cpp:55] [rocprofv3] tool initialization ::     0.159038 sec
W20260831 09:06:40.460871 130070597501440 simple_timer.cpp:55] [rocprofv3] '/bin/sh /sbin/ldconfig -p' ::     0.000000 sec
{
  "arch": "gfx950",
  "cases": {
    "kda-decode": {
      "details": {
        "state_pages": "read page 0, write page 1"
      },
      "latency_us": 405.15199303627014,
      "spec": {
        "dtypes": "BF16 Q/K/V/gates, FP32 parameters and recurrent state",
        "layout": "indexed K-major recurrent-state pool",
        "long_running": false,
        "model": "Kimi-K3",
        "phase": "decode",
        "shape": "B1, q_len=1, heads=12, K/V=128"
      }
    }
  },
  "device": "AMD Radeon Graphics",
  "environment": "physical",
  "repeats": 1,
  "rocm": "7.2.26015",
  "schema_version": 1,
  "torch": "2.11.0+rocm7.2",
  "warmup": 0
}
W20260831 09:06:41.998053 133180592034304 simple_timer.cpp:55] [rocprofv3] 'python profile_matched_attention.py --case kda-decode --expected-arch gfx950 --environment physical --warmup 0 --repeats 1' ::     2.930415 sec
E20260831 09:06:42.003997 133180592034304 output_stream.cpp:111] Opened result file: profiles/kda-decode/counter-MemWrites32B/81b771ff473d/7575_kernel_trace.csv
E20260831 09:06:42.008597 133180592034304 output_stream.cpp:111] Opened result file: profiles/kda-decode/counter-MemWrites32B/81b771ff473d/7575_counter_collection.csv
E20260831 09:06:42.010242 133180592034304 output_stream.cpp:111] Opened result file: profiles/kda-decode/counter-MemWrites32B/81b771ff473d/7575_agent_info.csv
W20260831 09:06:42.012391 133180592034304 simple_timer.cpp:55] [rocprofv3] output generation ::     0.012100 sec
W20260831 09:06:42.012563 133180592034304 simple_timer.cpp:55] [rocprofv3] tool finalization ::     0.012309 sec
