W20260820 15:00:30.842696 138091580256768 simple_timer.cpp:55] [rocprofv3] tool initialization ::     0.159623 sec
W20260820 15:00:30.842828 138091580256768 simple_timer.cpp:55] [rocprofv3] 'python /tmp/profile_matched_attention.py --case kda-prefill --expected-arch gfx950 --environment physical --warmup 0 --repeats 1' ::     0.000000 sec
W20260820 15:00:31.799663 138091580256768 tool.cpp:2422] HSA version 8.20.4 initialized (instance=0)
W20260820 15:00:32.146798 133266209919488 simple_timer.cpp:55] [rocprofv3] tool initialization ::     0.156677 sec
W20260820 15:00:32.146904 133266209919488 simple_timer.cpp:55] [rocprofv3] '/bin/sh /sbin/ldconfig -p' ::     0.000000 sec
{
  "arch": "gfx950",
  "cases": {
    "kda-prefill": {
      "details": {},
      "latency_us": 1462.530016899109,
      "spec": {
        "dtypes": "BF16 Q/K/V/gates, FP32 parameters and recurrent state",
        "layout": "packed sequence, 64-token implementation chunks",
        "long_running": false,
        "model": "Kimi-K3",
        "phase": "prefill",
        "shape": "B1, prefix=0, extend=4096, heads=12, K/V=128"
      }
    }
  },
  "device": "AMD Radeon Graphics",
  "environment": "physical",
  "repeats": 1,
  "rocm": "7.2.26015",
  "schema_version": 1,
  "torch": "2.11.0+rocm7.2",
  "warmup": 0
}
W20260820 15:00:33.874586 138091580256768 simple_timer.cpp:55] [rocprofv3] 'python /tmp/profile_matched_attention.py --case kda-prefill --expected-arch gfx950 --environment physical --warmup 0 --repeats 1' ::     3.031759 sec
E20260820 15:00:33.886009 138091580256768 output_stream.cpp:111] Opened result file: /tmp/matched-attention-gfx950-70f69266/profiles/kda-prefill/counter-MemUnitStalled/smci355-ccs-aus-n15-05/54479_kernel_trace.csv
E20260820 15:00:33.891093 138091580256768 output_stream.cpp:111] Opened result file: /tmp/matched-attention-gfx950-70f69266/profiles/kda-prefill/counter-MemUnitStalled/smci355-ccs-aus-n15-05/54479_counter_collection.csv
E20260820 15:00:33.893133 138091580256768 output_stream.cpp:111] Opened result file: /tmp/matched-attention-gfx950-70f69266/profiles/kda-prefill/counter-MemUnitStalled/smci355-ccs-aus-n15-05/54479_agent_info.csv
W20260820 15:00:33.895890 138091580256768 simple_timer.cpp:55] [rocprofv3] output generation ::     0.014003 sec
W20260820 15:00:33.897211 138091580256768 simple_timer.cpp:55] [rocprofv3] tool finalization ::     0.015354 sec
