W20260831 09:08:19.043155 133505071325696 simple_timer.cpp:55] [rocprofv3] tool initialization ::     0.161384 sec
W20260831 09:08:19.043311 133505071325696 simple_timer.cpp:55] [rocprofv3] 'python profile_matched_attention.py --case dsa-prefill-pipeline-4k --expected-arch gfx950 --environment physical --warmup 0 --repeats 1' ::     0.000000 sec
W20260831 09:08:20.065518 133505071325696 tool.cpp:2422] HSA version 8.20.4 initialized (instance=0)
W20260831 09:08:20.437375 131496981479936 simple_timer.cpp:55] [rocprofv3] tool initialization ::     0.158023 sec
W20260831 09:08:20.437490 131496981479936 simple_timer.cpp:55] [rocprofv3] '/bin/sh /sbin/ldconfig -p' ::     0.000000 sec
{
  "arch": "gfx950",
  "cases": {
    "dsa-prefill-pipeline-4k": {
      "details": {
        "selection": "live output of dsa_prefill_topk"
      },
      "latency_us": 2529.2539596557617,
      "spec": {
        "dtypes": "BF16 index Q, packed FP8 index-K, FP8 attention Q/KV",
        "layout": "production dense-KV selected-attention path",
        "long_running": true,
        "model": "GLM-5.2",
        "phase": "pure prefill top-k plus selected attention",
        "shape": "B1, prefix=0, extend=4096, index_heads=32, index_dim=128, attention_heads=8, causal topk<=2048, rank=512, rope=64"
      }
    }
  },
  "device": "AMD Radeon Graphics",
  "environment": "physical",
  "repeats": 1,
  "rocm": "7.2.26015",
  "schema_version": 1,
  "torch": "2.11.0+rocm7.2",
  "warmup": 0
}
W20260831 09:08:22.095086 133505071325696 simple_timer.cpp:55] [rocprofv3] 'python profile_matched_attention.py --case dsa-prefill-pipeline-4k --expected-arch gfx950 --environment physical --warmup 0 --repeats 1' ::     3.051776 sec
E20260831 09:08:22.103513 133505071325696 output_stream.cpp:111] Opened result file: profiles/dsa-prefill-pipeline-4k/counter-LDSBankConflict/81b771ff473d/9680_kernel_trace.csv
E20260831 09:08:22.109403 133505071325696 output_stream.cpp:111] Opened result file: profiles/dsa-prefill-pipeline-4k/counter-LDSBankConflict/81b771ff473d/9680_counter_collection.csv
E20260831 09:08:22.111372 133505071325696 output_stream.cpp:111] Opened result file: profiles/dsa-prefill-pipeline-4k/counter-LDSBankConflict/81b771ff473d/9680_agent_info.csv
W20260831 09:08:22.113972 133505071325696 simple_timer.cpp:55] [rocprofv3] output generation ::     0.014269 sec
W20260831 09:08:22.114651 133505071325696 simple_timer.cpp:55] [rocprofv3] tool finalization ::     0.014984 sec
