W20260820 14:59:49.439039 136662434820608 simple_timer.cpp:55] [rocprofv3] tool initialization ::     0.158459 sec
W20260820 14:59:49.439185 136662434820608 simple_timer.cpp:55] [rocprofv3] 'python /tmp/profile_matched_attention.py --case kda-decode --expected-arch gfx950 --environment physical --warmup 0 --repeats 1' ::     0.000000 sec
W20260820 14:59:50.446383 136662434820608 tool.cpp:2422] HSA version 8.20.4 initialized (instance=0)
W20260820 14:59:50.807606 134832139723264 simple_timer.cpp:55] [rocprofv3] tool initialization ::     0.158351 sec
W20260820 14:59:50.807715 134832139723264 simple_timer.cpp:55] [rocprofv3] '/bin/sh /sbin/ldconfig -p' ::     0.000000 sec
{
  "arch": "gfx950",
  "cases": {
    "kda-decode": {
      "details": {
        "state_pages": "read page 0, write page 1"
      },
      "latency_us": 347.8829860687256,
      "spec": {
        "dtypes": "BF16 Q/K/V/gates, FP32 parameters and recurrent state",
        "layout": "indexed K-major recurrent-state pool",
        "long_running": false,
        "model": "Kimi-K3",
        "phase": "decode",
        "shape": "B1, q_len=1, heads=12, K/V=128"
      }
    }
  },
  "device": "AMD Radeon Graphics",
  "environment": "physical",
  "repeats": 1,
  "rocm": "7.2.26015",
  "schema_version": 1,
  "torch": "2.11.0+rocm7.2",
  "warmup": 0
}
W20260820 14:59:52.354702 136662434820608 simple_timer.cpp:55] [rocprofv3] 'python /tmp/profile_matched_attention.py --case kda-decode --expected-arch gfx950 --environment physical --warmup 0 --repeats 1' ::     2.915518 sec
E20260820 14:59:52.362467 136662434820608 output_stream.cpp:111] Opened result file: /tmp/matched-attention-gfx950-70f69266/profiles/kda-decode/counter-MeanOccupancyPerActiveCU/smci355-ccs-aus-n15-05/53567_kernel_trace.csv
E20260820 14:59:52.367557 136662434820608 output_stream.cpp:111] Opened result file: /tmp/matched-attention-gfx950-70f69266/profiles/kda-decode/counter-MeanOccupancyPerActiveCU/smci355-ccs-aus-n15-05/53567_counter_collection.csv
E20260820 14:59:52.369430 136662434820608 output_stream.cpp:111] Opened result file: /tmp/matched-attention-gfx950-70f69266/profiles/kda-decode/counter-MeanOccupancyPerActiveCU/smci355-ccs-aus-n15-05/53567_agent_info.csv
W20260820 14:59:52.372776 136662434820608 simple_timer.cpp:55] [rocprofv3] output generation ::     0.014910 sec
W20260820 14:59:52.372991 136662434820608 simple_timer.cpp:55] [rocprofv3] tool finalization ::     0.015174 sec
