W20260831 09:08:22.715038 136238189216256 simple_timer.cpp:55] [rocprofv3] tool initialization ::     0.160408 sec
W20260831 09:08:22.715204 136238189216256 simple_timer.cpp:55] [rocprofv3] 'python profile_matched_attention.py --case dsa-prefill-pipeline-4k --expected-arch gfx950 --environment physical --warmup 0 --repeats 1' ::     0.000000 sec
W20260831 09:08:23.732163 136238189216256 tool.cpp:2422] HSA version 8.20.4 initialized (instance=0)
W20260831 09:08:24.107770 131182299124224 simple_timer.cpp:55] [rocprofv3] tool initialization ::     0.162334 sec
W20260831 09:08:24.107894 131182299124224 simple_timer.cpp:55] [rocprofv3] '/bin/sh /sbin/ldconfig -p' ::     0.000000 sec
{
  "arch": "gfx950",
  "cases": {
    "dsa-prefill-pipeline-4k": {
      "details": {
        "selection": "live output of dsa_prefill_topk"
      },
      "latency_us": 2590.536117553711,
      "spec": {
        "dtypes": "BF16 index Q, packed FP8 index-K, FP8 attention Q/KV",
        "layout": "production dense-KV selected-attention path",
        "long_running": true,
        "model": "GLM-5.2",
        "phase": "pure prefill top-k plus selected attention",
        "shape": "B1, prefix=0, extend=4096, index_heads=32, index_dim=128, attention_heads=8, causal topk<=2048, rank=512, rope=64"
      }
    }
  },
  "device": "AMD Radeon Graphics",
  "environment": "physical",
  "repeats": 1,
  "rocm": "7.2.26015",
  "schema_version": 1,
  "torch": "2.11.0+rocm7.2",
  "warmup": 0
}
W20260831 09:08:25.745857 136238189216256 simple_timer.cpp:55] [rocprofv3] 'python profile_matched_attention.py --case dsa-prefill-pipeline-4k --expected-arch gfx950 --environment physical --warmup 0 --repeats 1' ::     3.030653 sec
E20260831 09:08:25.754204 136238189216256 output_stream.cpp:111] Opened result file: profiles/dsa-prefill-pipeline-4k/counter-LdsLatency/81b771ff473d/9759_kernel_trace.csv
E20260831 09:08:25.759782 136238189216256 output_stream.cpp:111] Opened result file: profiles/dsa-prefill-pipeline-4k/counter-LdsLatency/81b771ff473d/9759_counter_collection.csv
E20260831 09:08:25.761684 136238189216256 output_stream.cpp:111] Opened result file: profiles/dsa-prefill-pipeline-4k/counter-LdsLatency/81b771ff473d/9759_agent_info.csv
W20260831 09:08:25.764771 136238189216256 simple_timer.cpp:55] [rocprofv3] output generation ::     0.014445 sec
W20260831 09:08:25.765461 136238189216256 simple_timer.cpp:55] [rocprofv3] tool finalization ::     0.015167 sec
