W20260820 14:59:19.541188 129629792457216 simple_timer.cpp:55] [rocprofv3] tool initialization ::     0.160710 sec
W20260820 14:59:19.541317 129629792457216 simple_timer.cpp:55] [rocprofv3] 'python /tmp/profile_matched_attention.py --case mla-prefill --expected-arch gfx950 --environment physical --warmup 0 --repeats 1' ::     0.000000 sec
W20260820 14:59:20.510059 129629792457216 tool.cpp:2422] HSA version 8.20.4 initialized (instance=0)
W20260820 14:59:20.859683 137107705623040 simple_timer.cpp:55] [rocprofv3] tool initialization ::     0.159248 sec
W20260820 14:59:20.859791 137107705623040 simple_timer.cpp:55] [rocprofv3] '/bin/sh /sbin/ldconfig -p' ::     0.000000 sec
{
  "arch": "gfx950",
  "cases": {
    "mla-prefill": {
      "details": {},
      "latency_us": 524.7629880905151,
      "spec": {
        "dtypes": "FP8 Q/K/V",
        "layout": "packed varlen, causal",
        "long_running": false,
        "model": "Kimi-K3",
        "phase": "prefill",
        "shape": "B1, prefix=0, extend=4096, heads=12, QK=192, V=128"
      }
    }
  },
  "device": "AMD Radeon Graphics",
  "environment": "physical",
  "repeats": 1,
  "rocm": "7.2.26015",
  "schema_version": 1,
  "torch": "2.11.0+rocm7.2",
  "warmup": 0
}
W20260820 14:59:22.328980 129629792457216 simple_timer.cpp:55] [rocprofv3] 'python /tmp/profile_matched_attention.py --case mla-prefill --expected-arch gfx950 --environment physical --warmup 0 --repeats 1' ::     2.787663 sec
E20260820 14:59:22.335176 129629792457216 output_stream.cpp:111] Opened result file: /tmp/matched-attention-gfx950-70f69266/profiles/mla-prefill/counter-MemWrites32B/smci355-ccs-aus-n15-05/52871_kernel_trace.csv
E20260820 14:59:22.339637 129629792457216 output_stream.cpp:111] Opened result file: /tmp/matched-attention-gfx950-70f69266/profiles/mla-prefill/counter-MemWrites32B/smci355-ccs-aus-n15-05/52871_counter_collection.csv
E20260820 14:59:22.341263 129629792457216 output_stream.cpp:111] Opened result file: /tmp/matched-attention-gfx950-70f69266/profiles/mla-prefill/counter-MemWrites32B/smci355-ccs-aus-n15-05/52871_agent_info.csv
W20260820 14:59:22.343439 129629792457216 simple_timer.cpp:55] [rocprofv3] output generation ::     0.011549 sec
W20260820 14:59:22.343583 129629792457216 simple_timer.cpp:55] [rocprofv3] tool finalization ::     0.011728 sec
