W20260820 15:00:09.395231 134405105345024 simple_timer.cpp:55] [rocprofv3] tool initialization ::     0.156624 sec
W20260820 15:00:09.395358 134405105345024 simple_timer.cpp:55] [rocprofv3] 'python /tmp/profile_matched_attention.py --case kda-prefill --expected-arch gfx950 --environment physical --warmup 0 --repeats 1' ::     0.000000 sec
W20260820 15:00:10.349849 134405105345024 tool.cpp:2422] HSA version 8.20.4 initialized (instance=0)
W20260820 15:00:10.697964 130782090670592 simple_timer.cpp:55] [rocprofv3] tool initialization ::     0.157166 sec
W20260820 15:00:10.698061 130782090670592 simple_timer.cpp:55] [rocprofv3] '/bin/sh /sbin/ldconfig -p' ::     0.000000 sec
{
  "arch": "gfx950",
  "cases": {
    "kda-prefill": {
      "details": {},
      "latency_us": 2020.6639766693115,
      "spec": {
        "dtypes": "BF16 Q/K/V/gates, FP32 parameters and recurrent state",
        "layout": "packed sequence, 64-token implementation chunks",
        "long_running": false,
        "model": "Kimi-K3",
        "phase": "prefill",
        "shape": "B1, prefix=0, extend=4096, heads=12, K/V=128"
      }
    }
  },
  "device": "AMD Radeon Graphics",
  "environment": "physical",
  "repeats": 1,
  "rocm": "7.2.26015",
  "schema_version": 1,
  "torch": "2.11.0+rocm7.2",
  "warmup": 0
}
W20260820 15:00:12.381424 134405105345024 simple_timer.cpp:55] [rocprofv3] 'python /tmp/profile_matched_attention.py --case kda-prefill --expected-arch gfx950 --environment physical --warmup 0 --repeats 1' ::     2.986067 sec
E20260820 15:00:12.392585 134405105345024 output_stream.cpp:111] Opened result file: /tmp/matched-attention-gfx950-70f69266/profiles/kda-prefill/counter-FetchSize/smci355-ccs-aus-n15-05/54023_kernel_trace.csv
E20260820 15:00:12.398086 134405105345024 output_stream.cpp:111] Opened result file: /tmp/matched-attention-gfx950-70f69266/profiles/kda-prefill/counter-FetchSize/smci355-ccs-aus-n15-05/54023_counter_collection.csv
E20260820 15:00:12.400067 134405105345024 output_stream.cpp:111] Opened result file: /tmp/matched-attention-gfx950-70f69266/profiles/kda-prefill/counter-FetchSize/smci355-ccs-aus-n15-05/54023_agent_info.csv
W20260820 15:00:12.402990 134405105345024 simple_timer.cpp:55] [rocprofv3] output generation ::     0.014296 sec
W20260820 15:00:12.404281 134405105345024 simple_timer.cpp:55] [rocprofv3] tool finalization ::     0.015620 sec
