W20260831 09:06:56.988605 130518909362688 simple_timer.cpp:55] [rocprofv3] tool initialization ::     0.160759 sec
W20260831 09:06:56.988744 130518909362688 simple_timer.cpp:55] [rocprofv3] 'python profile_matched_attention.py --case kda-decode --expected-arch gfx950 --environment physical --warmup 0 --repeats 1' ::     0.000000 sec
W20260831 09:06:57.997175 130518909362688 tool.cpp:2422] HSA version 8.20.4 initialized (instance=0)
W20260831 09:06:58.388614 136290639077888 simple_timer.cpp:55] [rocprofv3] tool initialization ::     0.162006 sec
W20260831 09:06:58.388742 136290639077888 simple_timer.cpp:55] [rocprofv3] '/bin/sh /sbin/ldconfig -p' ::     0.000000 sec
{
  "arch": "gfx950",
  "cases": {
    "kda-decode": {
      "details": {
        "state_pages": "read page 0, write page 1"
      },
      "latency_us": 301.160991191864,
      "spec": {
        "dtypes": "BF16 Q/K/V/gates, FP32 parameters and recurrent state",
        "layout": "indexed K-major recurrent-state pool",
        "long_running": false,
        "model": "Kimi-K3",
        "phase": "decode",
        "shape": "B1, q_len=1, heads=12, K/V=128"
      }
    }
  },
  "device": "AMD Radeon Graphics",
  "environment": "physical",
  "repeats": 1,
  "rocm": "7.2.26015",
  "schema_version": 1,
  "torch": "2.11.0+rocm7.2",
  "warmup": 0
}
W20260831 09:06:59.957836 130518909362688 simple_timer.cpp:55] [rocprofv3] 'python profile_matched_attention.py --case kda-decode --expected-arch gfx950 --environment physical --warmup 0 --repeats 1' ::     2.969093 sec
E20260831 09:06:59.964031 130518909362688 output_stream.cpp:111] Opened result file: profiles/kda-decode/counter-MemUnitStalled/81b771ff473d/7960_kernel_trace.csv
E20260831 09:06:59.968525 130518909362688 output_stream.cpp:111] Opened result file: profiles/kda-decode/counter-MemUnitStalled/81b771ff473d/7960_counter_collection.csv
E20260831 09:06:59.970161 130518909362688 output_stream.cpp:111] Opened result file: profiles/kda-decode/counter-MemUnitStalled/81b771ff473d/7960_agent_info.csv
W20260831 09:06:59.972538 130518909362688 simple_timer.cpp:55] [rocprofv3] output generation ::     0.012249 sec
W20260831 09:06:59.972714 130518909362688 simple_timer.cpp:55] [rocprofv3] tool finalization ::     0.012465 sec
