W20260820 15:00:44.302060 137346737799680 simple_timer.cpp:55] [rocprofv3] tool initialization ::     0.161871 sec
W20260820 15:00:44.302199 137346737799680 simple_timer.cpp:55] [rocprofv3] 'python /tmp/profile_matched_attention.py --case dsa-decode-pipeline --expected-arch gfx950 --environment physical --warmup 0 --repeats 1' ::     0.000000 sec
W20260820 15:00:45.316906 137346737799680 tool.cpp:2422] HSA version 8.20.4 initialized (instance=0)
W20260820 15:00:45.681681 124260640080384 simple_timer.cpp:55] [rocprofv3] tool initialization ::     0.158095 sec
W20260820 15:00:45.681777 124260640080384 simple_timer.cpp:55] [rocprofv3] '/bin/sh /sbin/ldconfig -p' ::     0.000000 sec
{
  "arch": "gfx950",
  "cases": {
    "dsa-decode-pipeline": {
      "details": {
        "selection": "live output of dsa_decode_topk"
      },
      "latency_us": 564.5239949226379,
      "spec": {
        "dtypes": "BF16 index Q, packed FP8 index-K, FP8 attention Q/KV",
        "layout": "production dense-KV selected-attention path",
        "long_running": false,
        "model": "GLM-5.2",
        "phase": "decode top-k plus selected attention",
        "shape": "B1, context=4096, q_len=1, index_heads=32, index_dim=128, attention_heads=8, topk=2048, rank=512, rope=64"
      }
    }
  },
  "device": "AMD Radeon Graphics",
  "environment": "physical",
  "repeats": 1,
  "rocm": "7.2.26015",
  "schema_version": 1,
  "torch": "2.11.0+rocm7.2",
  "warmup": 0
}
W20260820 15:00:47.279601 137346737799680 simple_timer.cpp:55] [rocprofv3] 'python /tmp/profile_matched_attention.py --case dsa-decode-pipeline --expected-arch gfx950 --environment physical --warmup 0 --repeats 1' ::     2.977403 sec
E20260820 15:00:47.288212 137346737799680 output_stream.cpp:111] Opened result file: /tmp/matched-attention-gfx950-70f69266/profiles/dsa-decode-pipeline/counter-MeanOccupancyPerActiveCU/smci355-ccs-aus-n15-05/54789_kernel_trace.csv
E20260820 15:00:47.293531 137346737799680 output_stream.cpp:111] Opened result file: /tmp/matched-attention-gfx950-70f69266/profiles/dsa-decode-pipeline/counter-MeanOccupancyPerActiveCU/smci355-ccs-aus-n15-05/54789_counter_collection.csv
E20260820 15:00:47.295455 137346737799680 output_stream.cpp:111] Opened result file: /tmp/matched-attention-gfx950-70f69266/profiles/dsa-decode-pipeline/counter-MeanOccupancyPerActiveCU/smci355-ccs-aus-n15-05/54789_agent_info.csv
W20260820 15:00:47.298434 137346737799680 simple_timer.cpp:55] [rocprofv3] output generation ::     0.014419 sec
W20260820 15:00:47.299025 137346737799680 simple_timer.cpp:55] [rocprofv3] tool finalization ::     0.015050 sec
