W20260831 09:06:10.311641 132460625048064 simple_timer.cpp:55] [rocprofv3] tool initialization ::     0.160066 sec
W20260831 09:06:10.311781 132460625048064 simple_timer.cpp:55] [rocprofv3] 'python profile_matched_attention.py --case mla-prefill --expected-arch gfx950 --environment physical --warmup 0 --repeats 1' ::     0.000000 sec
W20260831 09:06:11.333999 132460625048064 tool.cpp:2422] HSA version 8.20.4 initialized (instance=0)
W20260831 09:06:11.709275 134890093822464 simple_timer.cpp:55] [rocprofv3] tool initialization ::     0.157730 sec
W20260831 09:06:11.709389 134890093822464 simple_timer.cpp:55] [rocprofv3] '/bin/sh /sbin/ldconfig -p' ::     0.000000 sec
{
  "arch": "gfx950",
  "cases": {
    "mla-prefill": {
      "details": {},
      "latency_us": 552.3229837417603,
      "spec": {
        "dtypes": "FP8 Q/K/V",
        "layout": "packed varlen, causal",
        "long_running": false,
        "model": "Kimi-K3",
        "phase": "prefill",
        "shape": "B1, prefix=0, extend=4096, heads=12, QK=192, V=128"
      }
    }
  },
  "device": "AMD Radeon Graphics",
  "environment": "physical",
  "repeats": 1,
  "rocm": "7.2.26015",
  "schema_version": 1,
  "torch": "2.11.0+rocm7.2",
  "warmup": 0
}
W20260831 09:06:13.478138 132460625048064 simple_timer.cpp:55] [rocprofv3] 'python profile_matched_attention.py --case mla-prefill --expected-arch gfx950 --environment physical --warmup 0 --repeats 1' ::     3.166356 sec
E20260831 09:06:13.485098 132460625048064 output_stream.cpp:111] Opened result file: profiles/mla-prefill/counter-MemWrites32B/81b771ff473d/6947_kernel_trace.csv
E20260831 09:06:13.489479 132460625048064 output_stream.cpp:111] Opened result file: profiles/mla-prefill/counter-MemWrites32B/81b771ff473d/6947_counter_collection.csv
E20260831 09:06:13.491250 132460625048064 output_stream.cpp:111] Opened result file: profiles/mla-prefill/counter-MemWrites32B/81b771ff473d/6947_agent_info.csv
W20260831 09:06:13.493212 132460625048064 simple_timer.cpp:55] [rocprofv3] output generation ::     0.011626 sec
W20260831 09:06:13.493395 132460625048064 simple_timer.cpp:55] [rocprofv3] tool finalization ::     0.011848 sec
