W20260831 09:05:56.785583 137656453403136 simple_timer.cpp:55] [rocprofv3] tool initialization ::     0.164588 sec
W20260831 09:05:56.785715 137656453403136 simple_timer.cpp:55] [rocprofv3] 'python profile_matched_attention.py --case mla-decode --expected-arch gfx950 --environment physical --warmup 0 --repeats 1' ::     0.000000 sec
W20260831 09:05:57.793131 137656453403136 tool.cpp:2422] HSA version 8.20.4 initialized (instance=0)
W20260831 09:05:58.168870 128105822355968 simple_timer.cpp:55] [rocprofv3] tool initialization ::     0.161884 sec
W20260831 09:05:58.168983 128105822355968 simple_timer.cpp:55] [rocprofv3] '/bin/sh /sbin/ldconfig -p' ::     0.000000 sec
{
  "arch": "gfx950",
  "cases": {
    "mla-decode": {
      "details": {
        "gate": "sigmoid",
        "max_seqlen_k": 4096,
        "projected_value": true
      },
      "latency_us": 459.9219858646393,
      "spec": {
        "dtypes": "FP8 absorbed Q/KV; BF16 value projection, gate, and output",
        "layout": "dense paged KV, page_size=64, projected-value/gate epilogue",
        "long_running": false,
        "model": "Kimi-K3",
        "phase": "decode",
        "shape": "B1, context=4096, q_len=1, heads=12, rank=512, rope=64"
      }
    }
  },
  "device": "AMD Radeon Graphics",
  "environment": "physical",
  "repeats": 1,
  "rocm": "7.2.26015",
  "schema_version": 1,
  "torch": "2.11.0+rocm7.2",
  "warmup": 0
}
W20260831 09:05:59.694549 137656453403136 simple_timer.cpp:55] [rocprofv3] 'python profile_matched_attention.py --case mla-decode --expected-arch gfx950 --environment physical --warmup 0 --repeats 1' ::     2.908834 sec
E20260831 09:05:59.700461 137656453403136 output_stream.cpp:111] Opened result file: profiles/mla-decode/counter-LdsLatency/81b771ff473d/6631_kernel_trace.csv
E20260831 09:05:59.704927 137656453403136 output_stream.cpp:111] Opened result file: profiles/mla-decode/counter-LdsLatency/81b771ff473d/6631_counter_collection.csv
E20260831 09:05:59.706534 137656453403136 output_stream.cpp:111] Opened result file: profiles/mla-decode/counter-LdsLatency/81b771ff473d/6631_agent_info.csv
W20260831 09:05:59.708696 137656453403136 simple_timer.cpp:55] [rocprofv3] output generation ::     0.011554 sec
W20260831 09:05:59.708892 137656453403136 simple_timer.cpp:55] [rocprofv3] tool finalization ::     0.011783 sec
