W20260831 09:07:27.427001 138989037855232 simple_timer.cpp:55] [rocprofv3] tool initialization ::     0.159668 sec
W20260831 09:07:27.427161 138989037855232 simple_timer.cpp:55] [rocprofv3] 'python profile_matched_attention.py --case kda-prefill --expected-arch gfx950 --environment physical --warmup 0 --repeats 1' ::     0.000000 sec
W20260831 09:07:28.466451 138989037855232 tool.cpp:2422] HSA version 8.20.4 initialized (instance=0)
W20260831 09:07:28.841474 131316607271424 simple_timer.cpp:55] [rocprofv3] tool initialization ::     0.159845 sec
W20260831 09:07:28.841601 131316607271424 simple_timer.cpp:55] [rocprofv3] '/bin/sh /sbin/ldconfig -p' ::     0.000000 sec
{
  "arch": "gfx950",
  "cases": {
    "kda-prefill": {
      "details": {
        "cu_seqlens_cpu": "host int64 boundary hint"
      },
      "latency_us": 1083.886981010437,
      "spec": {
        "dtypes": "BF16 Q/K/V/gates, FP32 parameters and recurrent state",
        "layout": "packed sequence, 64-token implementation chunks",
        "long_running": false,
        "model": "Kimi-K3",
        "phase": "prefill",
        "shape": "B1, prefix=0, extend=4096, heads=12, K/V=128"
      }
    }
  },
  "device": "AMD Radeon Graphics",
  "environment": "physical",
  "repeats": 1,
  "rocm": "7.2.26015",
  "schema_version": 1,
  "torch": "2.11.0+rocm7.2",
  "warmup": 0
}
W20260831 09:07:30.615714 138989037855232 simple_timer.cpp:55] [rocprofv3] 'python profile_matched_attention.py --case kda-prefill --expected-arch gfx950 --environment physical --warmup 0 --repeats 1' ::     3.188553 sec
E20260831 09:07:30.627421 138989037855232 output_stream.cpp:111] Opened result file: profiles/kda-prefill/counter-MemUnitStalled/81b771ff473d/8576_kernel_trace.csv
E20260831 09:07:30.632460 138989037855232 output_stream.cpp:111] Opened result file: profiles/kda-prefill/counter-MemUnitStalled/81b771ff473d/8576_counter_collection.csv
E20260831 09:07:30.634523 138989037855232 output_stream.cpp:111] Opened result file: profiles/kda-prefill/counter-MemUnitStalled/81b771ff473d/8576_agent_info.csv
W20260831 09:07:30.637291 138989037855232 simple_timer.cpp:55] [rocprofv3] output generation ::     0.014059 sec
W20260831 09:07:30.638575 138989037855232 simple_timer.cpp:55] [rocprofv3] tool finalization ::     0.015378 sec
