W20260820 14:59:13.171909 135125639942656 simple_timer.cpp:55] [rocprofv3] tool initialization ::     0.000574 sec
W20260820 14:59:13.172000 135125639942656 simple_timer.cpp:55] [rocprofv3] 'python /tmp/profile_matched_attention.py --case mla-prefill --expected-arch gfx950 --environment physical --warmup 0 --repeats 1' ::     0.000000 sec
W20260820 14:59:14.125777 135125639942656 tool.cpp:2422] HSA version 8.20.4 initialized (instance=0)
W20260820 14:59:14.318176 139441287365120 simple_timer.cpp:55] [rocprofv3] tool initialization ::     0.000680 sec
W20260820 14:59:14.318256 139441287365120 simple_timer.cpp:55] [rocprofv3] '/bin/sh /sbin/ldconfig -p' ::     0.000000 sec
{
  "arch": "gfx950",
  "cases": {
    "mla-prefill": {
      "details": {},
      "latency_us": 394.8430120944977,
      "spec": {
        "dtypes": "FP8 Q/K/V",
        "layout": "packed varlen, causal",
        "long_running": false,
        "model": "Kimi-K3",
        "phase": "prefill",
        "shape": "B1, prefix=0, extend=4096, heads=12, QK=192, V=128"
      }
    }
  },
  "device": "AMD Radeon Graphics",
  "environment": "physical",
  "repeats": 1,
  "rocm": "7.2.26015",
  "schema_version": 1,
  "torch": "2.11.0+rocm7.2",
  "warmup": 0
}
W20260820 14:59:15.653173 135125639942656 simple_timer.cpp:55] [rocprofv3] 'python /tmp/profile_matched_attention.py --case mla-prefill --expected-arch gfx950 --environment physical --warmup 0 --repeats 1' ::     2.481173 sec
E20260820 14:59:15.658679 135125639942656 output_stream.cpp:111] Opened result file: /tmp/matched-attention-gfx950-70f69266/profiles/mla-prefill/trace/smci355-ccs-aus-n15-05/52715_kernel_trace.csv
E20260820 14:59:15.660451 135125639942656 output_stream.cpp:111] Opened result file: /tmp/matched-attention-gfx950-70f69266/profiles/mla-prefill/trace/smci355-ccs-aus-n15-05/52715_agent_info.csv
W20260820 14:59:15.661604 135125639942656 simple_timer.cpp:55] [rocprofv3] output generation ::     0.006241 sec
W20260820 14:59:15.661738 135125639942656 simple_timer.cpp:55] [rocprofv3] tool finalization ::     0.006403 sec
