W20260831 09:05:42.472676 130389840790016 simple_timer.cpp:55] [rocprofv3] tool initialization ::     0.159462 sec
W20260831 09:05:42.472807 130389840790016 simple_timer.cpp:55] [rocprofv3] 'python profile_matched_attention.py --case mla-decode --expected-arch gfx950 --environment physical --warmup 0 --repeats 1' ::     0.000000 sec
W20260831 09:05:43.504351 130389840790016 tool.cpp:2422] HSA version 8.20.4 initialized (instance=0)
W20260831 09:05:43.878470 125237165388288 simple_timer.cpp:55] [rocprofv3] tool initialization ::     0.160007 sec
W20260831 09:05:43.878589 125237165388288 simple_timer.cpp:55] [rocprofv3] '/bin/sh /sbin/ldconfig -p' ::     0.000000 sec
{
  "arch": "gfx950",
  "cases": {
    "mla-decode": {
      "details": {
        "gate": "sigmoid",
        "max_seqlen_k": 4096,
        "projected_value": true
      },
      "latency_us": 560.3629946708679,
      "spec": {
        "dtypes": "FP8 absorbed Q/KV; BF16 value projection, gate, and output",
        "layout": "dense paged KV, page_size=64, projected-value/gate epilogue",
        "long_running": false,
        "model": "Kimi-K3",
        "phase": "decode",
        "shape": "B1, context=4096, q_len=1, heads=12, rank=512, rope=64"
      }
    }
  },
  "device": "AMD Radeon Graphics",
  "environment": "physical",
  "repeats": 1,
  "rocm": "7.2.26015",
  "schema_version": 1,
  "torch": "2.11.0+rocm7.2",
  "warmup": 0
}
W20260831 09:05:45.421092 130389840790016 simple_timer.cpp:55] [rocprofv3] 'python profile_matched_attention.py --case mla-decode --expected-arch gfx950 --environment physical --warmup 0 --repeats 1' ::     2.948284 sec
E20260831 09:05:45.427064 130389840790016 output_stream.cpp:111] Opened result file: profiles/mla-decode/counter-MemWrites32B/81b771ff473d/6315_kernel_trace.csv
E20260831 09:05:45.431554 130389840790016 output_stream.cpp:111] Opened result file: profiles/mla-decode/counter-MemWrites32B/81b771ff473d/6315_counter_collection.csv
E20260831 09:05:45.433132 130389840790016 output_stream.cpp:111] Opened result file: profiles/mla-decode/counter-MemWrites32B/81b771ff473d/6315_agent_info.csv
W20260831 09:05:45.435347 130389840790016 simple_timer.cpp:55] [rocprofv3] output generation ::     0.011701 sec
W20260831 09:05:45.435536 130389840790016 simple_timer.cpp:55] [rocprofv3] tool finalization ::     0.011907 sec
