W20260820 15:00:27.284839 140308484612608 simple_timer.cpp:55] [rocprofv3] tool initialization ::     0.161250 sec
W20260820 15:00:27.284982 140308484612608 simple_timer.cpp:55] [rocprofv3] 'python /tmp/profile_matched_attention.py --case kda-prefill --expected-arch gfx950 --environment physical --warmup 0 --repeats 1' ::     0.000000 sec
W20260820 15:00:28.242708 140308484612608 tool.cpp:2422] HSA version 8.20.4 initialized (instance=0)
W20260820 15:00:28.588663 131138845868544 simple_timer.cpp:55] [rocprofv3] tool initialization ::     0.157388 sec
W20260820 15:00:28.588764 131138845868544 simple_timer.cpp:55] [rocprofv3] '/bin/sh /sbin/ldconfig -p' ::     0.000000 sec
{
  "arch": "gfx950",
  "cases": {
    "kda-prefill": {
      "details": {},
      "latency_us": 930.6859970092773,
      "spec": {
        "dtypes": "BF16 Q/K/V/gates, FP32 parameters and recurrent state",
        "layout": "packed sequence, 64-token implementation chunks",
        "long_running": false,
        "model": "Kimi-K3",
        "phase": "prefill",
        "shape": "B1, prefix=0, extend=4096, heads=12, K/V=128"
      }
    }
  },
  "device": "AMD Radeon Graphics",
  "environment": "physical",
  "repeats": 1,
  "rocm": "7.2.26015",
  "schema_version": 1,
  "torch": "2.11.0+rocm7.2",
  "warmup": 0
}
W20260820 15:00:30.299199 140308484612608 simple_timer.cpp:55] [rocprofv3] 'python /tmp/profile_matched_attention.py --case kda-prefill --expected-arch gfx950 --environment physical --warmup 0 --repeats 1' ::     3.014217 sec
E20260820 15:00:30.310574 140308484612608 output_stream.cpp:111] Opened result file: /tmp/matched-attention-gfx950-70f69266/profiles/kda-prefill/counter-LdsLatency/smci355-ccs-aus-n15-05/54403_kernel_trace.csv
E20260820 15:00:30.315918 140308484612608 output_stream.cpp:111] Opened result file: /tmp/matched-attention-gfx950-70f69266/profiles/kda-prefill/counter-LdsLatency/smci355-ccs-aus-n15-05/54403_counter_collection.csv
E20260820 15:00:30.317985 140308484612608 output_stream.cpp:111] Opened result file: /tmp/matched-attention-gfx950-70f69266/profiles/kda-prefill/counter-LdsLatency/smci355-ccs-aus-n15-05/54403_agent_info.csv
W20260820 15:00:30.320912 140308484612608 simple_timer.cpp:55] [rocprofv3] output generation ::     0.014192 sec
W20260820 15:00:30.322189 140308484612608 simple_timer.cpp:55] [rocprofv3] tool finalization ::     0.015507 sec
