W20260820 15:01:25.173786 129579724292608 simple_timer.cpp:55] [rocprofv3] tool initialization ::     0.161089 sec
W20260820 15:01:25.173919 129579724292608 simple_timer.cpp:55] [rocprofv3] 'python /tmp/profile_matched_attention.py --case dsa-prefill-pipeline-4k --expected-arch gfx950 --environment physical --warmup 0 --repeats 1' ::     0.000000 sec
W20260820 15:01:26.151369 129579724292608 tool.cpp:2422] HSA version 8.20.4 initialized (instance=0)
W20260820 15:01:26.502048 136220923515392 simple_timer.cpp:55] [rocprofv3] tool initialization ::     0.158828 sec
W20260820 15:01:26.502299 136220923515392 simple_timer.cpp:55] [rocprofv3] '/bin/sh /sbin/ldconfig -p' ::     0.000000 sec
{
  "arch": "gfx950",
  "cases": {
    "dsa-prefill-pipeline-4k": {
      "details": {
        "selection": "live output of dsa_prefill_topk"
      },
      "latency_us": 3153.5420417785645,
      "spec": {
        "dtypes": "BF16 index Q, packed FP8 index-K, FP8 attention Q/KV",
        "layout": "production dense-KV selected-attention path",
        "long_running": true,
        "model": "GLM-5.2",
        "phase": "pure prefill top-k plus selected attention",
        "shape": "B1, prefix=0, extend=4096, index_heads=32, index_dim=128, attention_heads=8, causal topk<=2048, rank=512, rope=64"
      }
    }
  },
  "device": "AMD Radeon Graphics",
  "environment": "physical",
  "repeats": 1,
  "rocm": "7.2.26015",
  "schema_version": 1,
  "torch": "2.11.0+rocm7.2",
  "warmup": 0
}
W20260820 15:01:28.099534 129579724292608 simple_timer.cpp:55] [rocprofv3] 'python /tmp/profile_matched_attention.py --case dsa-prefill-pipeline-4k --expected-arch gfx950 --environment physical --warmup 0 --repeats 1' ::     2.925615 sec
E20260820 15:01:28.107971 129579724292608 output_stream.cpp:111] Opened result file: /tmp/matched-attention-gfx950-70f69266/profiles/dsa-prefill-pipeline-4k/counter-MemUnitStalled/smci355-ccs-aus-n15-05/55725_kernel_trace.csv
E20260820 15:01:28.113288 129579724292608 output_stream.cpp:111] Opened result file: /tmp/matched-attention-gfx950-70f69266/profiles/dsa-prefill-pipeline-4k/counter-MemUnitStalled/smci355-ccs-aus-n15-05/55725_counter_collection.csv
E20260820 15:01:28.115269 129579724292608 output_stream.cpp:111] Opened result file: /tmp/matched-attention-gfx950-70f69266/profiles/dsa-prefill-pipeline-4k/counter-MemUnitStalled/smci355-ccs-aus-n15-05/55725_agent_info.csv
W20260820 15:01:28.118715 129579724292608 simple_timer.cpp:55] [rocprofv3] output generation ::     0.014540 sec
W20260820 15:01:28.119382 129579724292608 simple_timer.cpp:55] [rocprofv3] tool finalization ::     0.015239 sec
