W20260831 09:05:52.891565 127666915017216 simple_timer.cpp:55] [rocprofv3] tool initialization ::     0.159706 sec
W20260831 09:05:52.891690 127666915017216 simple_timer.cpp:55] [rocprofv3] 'python profile_matched_attention.py --case mla-decode --expected-arch gfx950 --environment physical --warmup 0 --repeats 1' ::     0.000000 sec
W20260831 09:05:53.911605 127666915017216 tool.cpp:2422] HSA version 8.20.4 initialized (instance=0)
W20260831 09:05:54.285961 138701377933824 simple_timer.cpp:55] [rocprofv3] tool initialization ::     0.158887 sec
W20260831 09:05:54.286075 138701377933824 simple_timer.cpp:55] [rocprofv3] '/bin/sh /sbin/ldconfig -p' ::     0.000000 sec
{
  "arch": "gfx950",
  "cases": {
    "mla-decode": {
      "details": {
        "gate": "sigmoid",
        "max_seqlen_k": 4096,
        "projected_value": true
      },
      "latency_us": 518.4429883956909,
      "spec": {
        "dtypes": "FP8 absorbed Q/KV; BF16 value projection, gate, and output",
        "layout": "dense paged KV, page_size=64, projected-value/gate epilogue",
        "long_running": false,
        "model": "Kimi-K3",
        "phase": "decode",
        "shape": "B1, context=4096, q_len=1, heads=12, rank=512, rope=64"
      }
    }
  },
  "device": "AMD Radeon Graphics",
  "environment": "physical",
  "repeats": 1,
  "rocm": "7.2.26015",
  "schema_version": 1,
  "torch": "2.11.0+rocm7.2",
  "warmup": 0
}
W20260831 09:05:56.142429 127666915017216 simple_timer.cpp:55] [rocprofv3] 'python profile_matched_attention.py --case mla-decode --expected-arch gfx950 --environment physical --warmup 0 --repeats 1' ::     3.250739 sec
E20260831 09:05:56.149207 127666915017216 output_stream.cpp:111] Opened result file: profiles/mla-decode/counter-LDSBankConflict/81b771ff473d/6552_kernel_trace.csv
E20260831 09:05:56.153878 127666915017216 output_stream.cpp:111] Opened result file: profiles/mla-decode/counter-LDSBankConflict/81b771ff473d/6552_counter_collection.csv
E20260831 09:05:56.155501 127666915017216 output_stream.cpp:111] Opened result file: profiles/mla-decode/counter-LDSBankConflict/81b771ff473d/6552_agent_info.csv
W20260831 09:05:56.157507 127666915017216 simple_timer.cpp:55] [rocprofv3] output generation ::     0.011661 sec
W20260831 09:05:56.157751 127666915017216 simple_timer.cpp:55] [rocprofv3] tool finalization ::     0.011942 sec
