W20260820 15:01:11.407372 135249662968320 simple_timer.cpp:55] [rocprofv3] tool initialization ::     0.158768 sec
W20260820 15:01:11.407508 135249662968320 simple_timer.cpp:55] [rocprofv3] 'python /tmp/profile_matched_attention.py --case dsa-prefill-pipeline-4k --expected-arch gfx950 --environment physical --warmup 0 --repeats 1' ::     0.000000 sec
W20260820 15:01:12.372337 135249662968320 tool.cpp:2422] HSA version 8.20.4 initialized (instance=0)
W20260820 15:01:12.725611 127000242647552 simple_timer.cpp:55] [rocprofv3] tool initialization ::     0.159542 sec
W20260820 15:01:12.725725 127000242647552 simple_timer.cpp:55] [rocprofv3] '/bin/sh /sbin/ldconfig -p' ::     0.000000 sec
{
  "arch": "gfx950",
  "cases": {
    "dsa-prefill-pipeline-4k": {
      "details": {
        "selection": "live output of dsa_prefill_topk"
      },
      "latency_us": 2890.899896621704,
      "spec": {
        "dtypes": "BF16 index Q, packed FP8 index-K, FP8 attention Q/KV",
        "layout": "production dense-KV selected-attention path",
        "long_running": true,
        "model": "GLM-5.2",
        "phase": "pure prefill top-k plus selected attention",
        "shape": "B1, prefix=0, extend=4096, index_heads=32, index_dim=128, attention_heads=8, causal topk<=2048, rank=512, rope=64"
      }
    }
  },
  "device": "AMD Radeon Graphics",
  "environment": "physical",
  "repeats": 1,
  "rocm": "7.2.26015",
  "schema_version": 1,
  "torch": "2.11.0+rocm7.2",
  "warmup": 0
}
W20260820 15:01:14.321030 135249662968320 simple_timer.cpp:55] [rocprofv3] 'python /tmp/profile_matched_attention.py --case dsa-prefill-pipeline-4k --expected-arch gfx950 --environment physical --warmup 0 --repeats 1' ::     2.913522 sec
E20260820 15:01:14.328853 135249662968320 output_stream.cpp:111] Opened result file: /tmp/matched-attention-gfx950-70f69266/profiles/dsa-prefill-pipeline-4k/counter-MeanOccupancyPerActiveCU/smci355-ccs-aus-n15-05/55413_kernel_trace.csv
E20260820 15:01:14.334377 135249662968320 output_stream.cpp:111] Opened result file: /tmp/matched-attention-gfx950-70f69266/profiles/dsa-prefill-pipeline-4k/counter-MeanOccupancyPerActiveCU/smci355-ccs-aus-n15-05/55413_counter_collection.csv
E20260820 15:01:14.336344 135249662968320 output_stream.cpp:111] Opened result file: /tmp/matched-attention-gfx950-70f69266/profiles/dsa-prefill-pipeline-4k/counter-MeanOccupancyPerActiveCU/smci355-ccs-aus-n15-05/55413_agent_info.csv
W20260820 15:01:14.339543 135249662968320 simple_timer.cpp:55] [rocprofv3] output generation ::     0.014484 sec
W20260820 15:01:14.340198 135249662968320 simple_timer.cpp:55] [rocprofv3] tool finalization ::     0.015170 sec
