W20260820 15:00:12.977580 127609173021184 simple_timer.cpp:55] [rocprofv3] tool initialization ::     0.214463 sec
W20260820 15:00:12.977714 127609173021184 simple_timer.cpp:55] [rocprofv3] 'python /tmp/profile_matched_attention.py --case kda-prefill --expected-arch gfx950 --environment physical --warmup 0 --repeats 1' ::     0.000000 sec
W20260820 15:00:13.932242 127609173021184 tool.cpp:2422] HSA version 8.20.4 initialized (instance=0)
W20260820 15:00:14.280278 140564833636864 simple_timer.cpp:55] [rocprofv3] tool initialization ::     0.157594 sec
W20260820 15:00:14.280509 140564833636864 simple_timer.cpp:55] [rocprofv3] '/bin/sh /sbin/ldconfig -p' ::     0.000000 sec
{
  "arch": "gfx950",
  "cases": {
    "kda-prefill": {
      "details": {},
      "latency_us": 1384.809970855713,
      "spec": {
        "dtypes": "BF16 Q/K/V/gates, FP32 parameters and recurrent state",
        "layout": "packed sequence, 64-token implementation chunks",
        "long_running": false,
        "model": "Kimi-K3",
        "phase": "prefill",
        "shape": "B1, prefix=0, extend=4096, heads=12, K/V=128"
      }
    }
  },
  "device": "AMD Radeon Graphics",
  "environment": "physical",
  "repeats": 1,
  "rocm": "7.2.26015",
  "schema_version": 1,
  "torch": "2.11.0+rocm7.2",
  "warmup": 0
}
W20260820 15:00:15.984066 127609173021184 simple_timer.cpp:55] [rocprofv3] 'python /tmp/profile_matched_attention.py --case kda-prefill --expected-arch gfx950 --environment physical --warmup 0 --repeats 1' ::     3.006352 sec
E20260820 15:00:15.995457 127609173021184 output_stream.cpp:111] Opened result file: /tmp/matched-attention-gfx950-70f69266/profiles/kda-prefill/counter-MemWrites32B/smci355-ccs-aus-n15-05/54099_kernel_trace.csv
E20260820 15:00:16.000666 127609173021184 output_stream.cpp:111] Opened result file: /tmp/matched-attention-gfx950-70f69266/profiles/kda-prefill/counter-MemWrites32B/smci355-ccs-aus-n15-05/54099_counter_collection.csv
E20260820 15:00:16.002771 127609173021184 output_stream.cpp:111] Opened result file: /tmp/matched-attention-gfx950-70f69266/profiles/kda-prefill/counter-MemWrites32B/smci355-ccs-aus-n15-05/54099_agent_info.csv
W20260820 15:00:16.005551 127609173021184 simple_timer.cpp:55] [rocprofv3] output generation ::     0.014053 sec
W20260820 15:00:16.006795 127609173021184 simple_timer.cpp:55] [rocprofv3] tool finalization ::     0.015325 sec
