W20260831 09:06:35.494936 135865002902016 simple_timer.cpp:55] [rocprofv3] tool initialization ::     0.160124 sec
W20260831 09:06:35.495068 135865002902016 simple_timer.cpp:55] [rocprofv3] 'python profile_matched_attention.py --case kda-decode --expected-arch gfx950 --environment physical --warmup 0 --repeats 1' ::     0.000000 sec
W20260831 09:06:36.508833 135865002902016 tool.cpp:2422] HSA version 8.20.4 initialized (instance=0)
W20260831 09:06:36.896805 133674402796032 simple_timer.cpp:55] [rocprofv3] tool initialization ::     0.159870 sec
W20260831 09:06:36.896928 133674402796032 simple_timer.cpp:55] [rocprofv3] '/bin/sh /sbin/ldconfig -p' ::     0.000000 sec
{
  "arch": "gfx950",
  "cases": {
    "kda-decode": {
      "details": {
        "state_pages": "read page 0, write page 1"
      },
      "latency_us": 500.5429983139038,
      "spec": {
        "dtypes": "BF16 Q/K/V/gates, FP32 parameters and recurrent state",
        "layout": "indexed K-major recurrent-state pool",
        "long_running": false,
        "model": "Kimi-K3",
        "phase": "decode",
        "shape": "B1, q_len=1, heads=12, K/V=128"
      }
    }
  },
  "device": "AMD Radeon Graphics",
  "environment": "physical",
  "repeats": 1,
  "rocm": "7.2.26015",
  "schema_version": 1,
  "torch": "2.11.0+rocm7.2",
  "warmup": 0
}
W20260831 09:06:38.448317 135865002902016 simple_timer.cpp:55] [rocprofv3] 'python profile_matched_attention.py --case kda-decode --expected-arch gfx950 --environment physical --warmup 0 --repeats 1' ::     2.953249 sec
E20260831 09:06:38.455309 135865002902016 output_stream.cpp:111] Opened result file: profiles/kda-decode/counter-FetchSize/81b771ff473d/7498_kernel_trace.csv
E20260831 09:06:38.460318 135865002902016 output_stream.cpp:111] Opened result file: profiles/kda-decode/counter-FetchSize/81b771ff473d/7498_counter_collection.csv
E20260831 09:06:38.462126 135865002902016 output_stream.cpp:111] Opened result file: profiles/kda-decode/counter-FetchSize/81b771ff473d/7498_agent_info.csv
W20260831 09:06:38.465123 135865002902016 simple_timer.cpp:55] [rocprofv3] output generation ::     0.013964 sec
W20260831 09:06:38.465299 135865002902016 simple_timer.cpp:55] [rocprofv3] tool finalization ::     0.014187 sec
