W20260820 14:59:03.177307 131203304882688 simple_timer.cpp:55] [rocprofv3] tool initialization ::     0.158808 sec
W20260820 14:59:03.177435 131203304882688 simple_timer.cpp:55] [rocprofv3] 'python /tmp/profile_matched_attention.py --case mla-decode --expected-arch gfx950 --environment physical --warmup 0 --repeats 1' ::     0.000000 sec
W20260820 14:59:04.139828 131203304882688 tool.cpp:2422] HSA version 8.20.4 initialized (instance=0)
W20260820 14:59:04.489630 133085247943168 simple_timer.cpp:55] [rocprofv3] tool initialization ::     0.159521 sec
W20260820 14:59:04.489734 133085247943168 simple_timer.cpp:55] [rocprofv3] '/bin/sh /sbin/ldconfig -p' ::     0.000000 sec
{
  "arch": "gfx950",
  "cases": {
    "mla-decode": {
      "details": {
        "gate": "sigmoid",
        "max_seqlen_k": 4096,
        "projected_value": true
      },
      "latency_us": 397.32199907302856,
      "spec": {
        "dtypes": "FP8 absorbed Q/KV; BF16 value projection, gate, and output",
        "layout": "dense paged KV, page_size=64, projected-value/gate epilogue",
        "long_running": false,
        "model": "Kimi-K3",
        "phase": "decode",
        "shape": "B1, context=4096, q_len=1, heads=12, rank=512, rope=64"
      }
    }
  },
  "device": "AMD Radeon Graphics",
  "environment": "physical",
  "repeats": 1,
  "rocm": "7.2.26015",
  "schema_version": 1,
  "torch": "2.11.0+rocm7.2",
  "warmup": 0
}
W20260820 14:59:06.051766 131203304882688 simple_timer.cpp:55] [rocprofv3] 'python /tmp/profile_matched_attention.py --case mla-decode --expected-arch gfx950 --environment physical --warmup 0 --repeats 1' ::     2.874331 sec
E20260820 14:59:06.057652 131203304882688 output_stream.cpp:111] Opened result file: /tmp/matched-attention-gfx950-70f69266/profiles/mla-decode/counter-LDSBankConflict/smci355-ccs-aus-n15-05/52481_kernel_trace.csv
E20260820 14:59:06.061976 131203304882688 output_stream.cpp:111] Opened result file: /tmp/matched-attention-gfx950-70f69266/profiles/mla-decode/counter-LDSBankConflict/smci355-ccs-aus-n15-05/52481_counter_collection.csv
E20260820 14:59:06.063705 131203304882688 output_stream.cpp:111] Opened result file: /tmp/matched-attention-gfx950-70f69266/profiles/mla-decode/counter-LDSBankConflict/smci355-ccs-aus-n15-05/52481_agent_info.csv
W20260820 14:59:06.066074 131203304882688 simple_timer.cpp:55] [rocprofv3] output generation ::     0.011738 sec
W20260820 14:59:06.066276 131203304882688 simple_timer.cpp:55] [rocprofv3] tool finalization ::     0.011974 sec
