W20260831 09:06:28.814344 134501889110528 simple_timer.cpp:55] [rocprofv3] tool initialization ::     0.159377 sec
W20260831 09:06:28.814469 134501889110528 simple_timer.cpp:55] [rocprofv3] 'python profile_matched_attention.py --case mla-prefill --expected-arch gfx950 --environment physical --warmup 0 --repeats 1' ::     0.000000 sec
W20260831 09:06:29.837095 134501889110528 tool.cpp:2422] HSA version 8.20.4 initialized (instance=0)
W20260831 09:06:30.223706 132237154992640 simple_timer.cpp:55] [rocprofv3] tool initialization ::     0.158960 sec
W20260831 09:06:30.223825 132237154992640 simple_timer.cpp:55] [rocprofv3] '/bin/sh /sbin/ldconfig -p' ::     0.000000 sec
{
  "arch": "gfx950",
  "cases": {
    "mla-prefill": {
      "details": {},
      "latency_us": 578.3429741859436,
      "spec": {
        "dtypes": "FP8 Q/K/V",
        "layout": "packed varlen, causal",
        "long_running": false,
        "model": "Kimi-K3",
        "phase": "prefill",
        "shape": "B1, prefix=0, extend=4096, heads=12, QK=192, V=128"
      }
    }
  },
  "device": "AMD Radeon Graphics",
  "environment": "physical",
  "repeats": 1,
  "rocm": "7.2.26015",
  "schema_version": 1,
  "torch": "2.11.0+rocm7.2",
  "warmup": 0
}
W20260831 09:06:31.754900 134501889110528 simple_timer.cpp:55] [rocprofv3] 'python profile_matched_attention.py --case mla-prefill --expected-arch gfx950 --environment physical --warmup 0 --repeats 1' ::     2.940432 sec
E20260831 09:06:31.761729 134501889110528 output_stream.cpp:111] Opened result file: profiles/mla-prefill/counter-MemUnitStalled/81b771ff473d/7342_kernel_trace.csv
E20260831 09:06:31.766288 134501889110528 output_stream.cpp:111] Opened result file: profiles/mla-prefill/counter-MemUnitStalled/81b771ff473d/7342_counter_collection.csv
E20260831 09:06:31.767866 134501889110528 output_stream.cpp:111] Opened result file: profiles/mla-prefill/counter-MemUnitStalled/81b771ff473d/7342_agent_info.csv
W20260831 09:06:31.770223 134501889110528 simple_timer.cpp:55] [rocprofv3] output generation ::     0.012181 sec
W20260831 09:06:31.770389 134501889110528 simple_timer.cpp:55] [rocprofv3] tool finalization ::     0.012387 sec
