W20260831 09:07:12.121468 125448258531840 simple_timer.cpp:55] [rocprofv3] tool initialization ::     0.159923 sec
W20260831 09:07:12.121585 125448258531840 simple_timer.cpp:55] [rocprofv3] 'python profile_matched_attention.py --case kda-prefill --expected-arch gfx950 --environment physical --warmup 0 --repeats 1' ::     0.000000 sec
W20260831 09:07:13.114873 125448258531840 tool.cpp:2422] HSA version 8.20.4 initialized (instance=0)
W20260831 09:07:13.504467 131419860881920 simple_timer.cpp:55] [rocprofv3] tool initialization ::     0.161585 sec
W20260831 09:07:13.504586 131419860881920 simple_timer.cpp:55] [rocprofv3] '/bin/sh /sbin/ldconfig -p' ::     0.000000 sec
{
  "arch": "gfx950",
  "cases": {
    "kda-prefill": {
      "details": {
        "cu_seqlens_cpu": "host int64 boundary hint"
      },
      "latency_us": 843.4849977493286,
      "spec": {
        "dtypes": "BF16 Q/K/V/gates, FP32 parameters and recurrent state",
        "layout": "packed sequence, 64-token implementation chunks",
        "long_running": false,
        "model": "Kimi-K3",
        "phase": "prefill",
        "shape": "B1, prefix=0, extend=4096, heads=12, K/V=128"
      }
    }
  },
  "device": "AMD Radeon Graphics",
  "environment": "physical",
  "repeats": 1,
  "rocm": "7.2.26015",
  "schema_version": 1,
  "torch": "2.11.0+rocm7.2",
  "warmup": 0
}
W20260831 09:07:15.273257 125448258531840 simple_timer.cpp:55] [rocprofv3] 'python profile_matched_attention.py --case kda-prefill --expected-arch gfx950 --environment physical --warmup 0 --repeats 1' ::     3.151672 sec
E20260831 09:07:15.285014 125448258531840 output_stream.cpp:111] Opened result file: profiles/kda-prefill/counter-MeanOccupancyPerActiveCU/81b771ff473d/8268_kernel_trace.csv
E20260831 09:07:15.290083 125448258531840 output_stream.cpp:111] Opened result file: profiles/kda-prefill/counter-MeanOccupancyPerActiveCU/81b771ff473d/8268_counter_collection.csv
E20260831 09:07:15.292073 125448258531840 output_stream.cpp:111] Opened result file: profiles/kda-prefill/counter-MeanOccupancyPerActiveCU/81b771ff473d/8268_agent_info.csv
W20260831 09:07:15.294957 125448258531840 simple_timer.cpp:55] [rocprofv3] output generation ::     0.014212 sec
W20260831 09:07:15.296259 125448258531840 simple_timer.cpp:55] [rocprofv3] tool finalization ::     0.015551 sec
